Component: Arm Compiler for Embedded 6.19 Tool: armlink [5e73cb00]

==============================================================================

Section Cross References

    init_ctboard.o(.text.init_CT_BOARD) refers to init_ctboard.o(.text.init_ADC) for init_ADC
    init_ctboard.o(.text.init_CT_BOARD) refers to init_ctboard.o(.text.init_FMC) for init_FMC
    init_ctboard.o(.text.init_CT_BOARD) refers to init_ctboard.o(.text.init_GPIO) for init_GPIO
    init_ctboard.o(.text.init_CT_BOARD) refers to init_ctboard.o(.text.wait) for wait
    init_ctboard.o(.text.init_CT_BOARD) refers to init_ctboard.o(.text.init_LCD) for init_LCD
    init_ctboard.o(.ARM.exidx.text.init_CT_BOARD) refers to init_ctboard.o(.text.init_CT_BOARD) for [Anonymous Symbol]
    init_ctboard.o(.ARM.exidx.text.init_ADC) refers to init_ctboard.o(.text.init_ADC) for [Anonymous Symbol]
    init_ctboard.o(.text.init_FMC) refers to hal_gpio.o(.text.hal_gpio_init_alternate) for hal_gpio_init_alternate
    init_ctboard.o(.text.init_FMC) refers to hal_fmc.o(.text.hal_fmc_init_sram) for hal_fmc_init_sram
    init_ctboard.o(.ARM.exidx.text.init_FMC) refers to init_ctboard.o(.text.init_FMC) for [Anonymous Symbol]
    init_ctboard.o(.text.init_GPIO) refers to hal_gpio.o(.text.hal_gpio_init_output) for hal_gpio_init_output
    init_ctboard.o(.text.init_GPIO) refers to hal_gpio.o(.text.hal_gpio_init_input) for hal_gpio_init_input
    init_ctboard.o(.ARM.exidx.text.init_GPIO) refers to init_ctboard.o(.text.init_GPIO) for [Anonymous Symbol]
    init_ctboard.o(.ARM.exidx.text.wait) refers to init_ctboard.o(.text.wait) for [Anonymous Symbol]
    init_ctboard.o(.ARM.exidx.text.init_LCD) refers to init_ctboard.o(.text.init_LCD) for [Anonymous Symbol]
    main.o(.text.main) refers to init_ctboard.o(.text.init_CT_BOARD) for init_CT_BOARD
    main.o(.text.main) refers to scheduler.o(.text.scheduler_init) for scheduler_init
    main.o(.text.main) refers to scheduler.o(.text.scheduler_register_task) for scheduler_register_task
    main.o(.text.main) refers to main.o(.bss.task_BUTTON) for [Anonymous Symbol]
    main.o(.text.main) refers to tests.o(.text.test_BUTTON) for test_BUTTON
    main.o(.text.main) refers to main.o(.bss.task_GPIO) for [Anonymous Symbol]
    main.o(.text.main) refers to tests.o(.text.test_GPIO) for test_GPIO
    main.o(.text.main) refers to main.o(.bss.task_HEXSW) for [Anonymous Symbol]
    main.o(.text.main) refers to tests.o(.text.test_HEXSW) for test_HEXSW
    main.o(.text.main) refers to main.o(.bss.task_PWM) for [Anonymous Symbol]
    main.o(.text.main) refers to tests.o(.text.test_PWM) for test_PWM
    main.o(.text.main) refers to main.o(.bss.task_DIPSW_LED) for [Anonymous Symbol]
    main.o(.text.main) refers to tests.o(.text.test_DIPSW_LED) for test_DIPSW_LED
    main.o(.text.main) refers to main.o(.bss.task_7SEGMENT) for [Anonymous Symbol]
    main.o(.text.main) refers to tests.o(.text.test_7SEGMENT) for test_7SEGMENT
    main.o(.text.main) refers to main.o(.bss.task_POTI) for [Anonymous Symbol]
    main.o(.text.main) refers to tests.o(.text.test_POTI) for test_POTI
    main.o(.text.main) refers to main.o(.bss.task_DIRECT_GPIO) for [Anonymous Symbol]
    main.o(.text.main) refers to tests.o(.text.test_DIRECT_GPIO) for test_DIRECT_GPIO
    main.o(.ARM.exidx.text.main) refers to main.o(.text.main) for [Anonymous Symbol]
    scheduler.o(.text.scheduler_init) refers to hal_systick.o(.text.hal_systick_init) for hal_systick_init
    scheduler.o(.text.scheduler_init) refers to scheduler.o(.bss.tick_count) for [Anonymous Symbol]
    scheduler.o(.ARM.exidx.text.scheduler_init) refers to scheduler.o(.text.scheduler_init) for [Anonymous Symbol]
    scheduler.o(.text.scheduler_register_task) refers to scheduler.o(.text.scheduler_task_add) for scheduler_task_add
    scheduler.o(.text.scheduler_register_task) refers to scheduler.o(.bss.tick_count) for [Anonymous Symbol]
    scheduler.o(.ARM.exidx.text.scheduler_register_task) refers to scheduler.o(.text.scheduler_register_task) for [Anonymous Symbol]
    scheduler.o(.text.scheduler_task_add) refers to hal_systick.o(.text.hal_systick_pause) for hal_systick_pause
    scheduler.o(.text.scheduler_task_add) refers to hal_systick.o(.text.hal_systick_resume) for hal_systick_resume
    scheduler.o(.text.scheduler_task_add) refers to scheduler.o(.bss.task_temp) for [Anonymous Symbol]
    scheduler.o(.ARM.exidx.text.scheduler_task_add) refers to scheduler.o(.text.scheduler_task_add) for [Anonymous Symbol]
    scheduler.o(.text.scheduler_unregister_task) refers to hal_systick.o(.text.hal_systick_pause) for hal_systick_pause
    scheduler.o(.text.scheduler_unregister_task) refers to scheduler.o(.text.scheduler_task_remove) for scheduler_task_remove
    scheduler.o(.text.scheduler_unregister_task) refers to hal_systick.o(.text.hal_systick_resume) for hal_systick_resume
    scheduler.o(.ARM.exidx.text.scheduler_unregister_task) refers to scheduler.o(.text.scheduler_unregister_task) for [Anonymous Symbol]
[...]
    _get_argv_nomalloc.o(.text) refers to system_ctboard.o(.text._sys_command_string) for _sys_command_string
    libshutdown.o(.ARM.Collect$$libshutdown$$00000000) refers (Special) to libshutdown2.o(.ARM.Collect$$libshutdown$$00000002) for __rt_lib_shutdown_cpp_1
    libshutdown.o(.ARM.Collect$$libshutdown$$00000000) refers (Special) to libshutdown2.o(.ARM.Collect$$libshutdown$$00000007) for __rt_lib_shutdown_fp_trap_1
    libshutdown.o(.ARM.Collect$$libshutdown$$00000000) refers (Special) to libshutdown2.o(.ARM.Collect$$libshutdown$$0000000F) for __rt_lib_shutdown_heap_1
    libshutdown.o(.ARM.Collect$$libshutdown$$00000000) refers (Special) to libshutdown2.o(.ARM.Collect$$libshutdown$$00000010) for __rt_lib_shutdown_return
    libshutdown.o(.ARM.Collect$$libshutdown$$00000000) refers (Special) to libshutdown2.o(.ARM.Collect$$libshutdown$$0000000A) for __rt_lib_shutdown_signal_1
    libshutdown.o(.ARM.Collect$$libshutdown$$00000000) refers (Special) to libshutdown2.o(.ARM.Collect$$libshutdown$$00000004) for __rt_lib_shutdown_stdio_1
    libshutdown.o(.ARM.Collect$$libshutdown$$00000000) refers (Special) to libshutdown2.o(.ARM.Collect$$libshutdown$$0000000C) for __rt_lib_shutdown_user_alloc_1
    defsig_rtmem_outer.o(.text) refers to defsig_rtmem_inner.o(.text) for __rt_SIGRTMEM_inner
    defsig_rtmem_outer.o(.text) refers to defsig_exit.o(.text) for __sig_exit
    defsig_rtmem_formal.o(.text) refers to rt_raise.o(.text) for __rt_raise


==============================================================================

Removing Unused input sections from the image.

    Removing init_ctboard.o(.text), (0 bytes).
    Removing init_ctboard.o(.ARM.exidx.text.init_CT_BOARD), (8 bytes).
    Removing init_ctboard.o(.ARM.exidx.text.init_ADC), (8 bytes).
    Removing init_ctboard.o(.ARM.exidx.text.init_FMC), (8 bytes).
    Removing init_ctboard.o(.ARM.exidx.text.init_GPIO), (8 bytes).
    Removing init_ctboard.o(.ARM.exidx.text.wait), (8 bytes).
    Removing init_ctboard.o(.ARM.exidx.text.init_LCD), (8 bytes).
    Removing main.o(.text), (0 bytes).
    Removing main.o(.ARM.exidx.text.main), (8 bytes).
    Removing main.o(.ARM.use_no_argv), (4 bytes).
    Removing scheduler.o(.text), (0 bytes).
    Removing scheduler.o(.ARM.exidx.text.scheduler_init), (8 bytes).
    Removing scheduler.o(.ARM.exidx.text.scheduler_register_task), (8 bytes).
    Removing scheduler.o(.ARM.exidx.text.scheduler_task_add), (8 bytes).
    Removing scheduler.o(.text.scheduler_unregister_task), (30 bytes).
    Removing scheduler.o(.ARM.exidx.text.scheduler_unregister_task), (8 bytes).
    Removing scheduler.o(.text.scheduler_task_remove), (116 bytes).
    Removing scheduler.o(.ARM.exidx.text.scheduler_task_remove), (8 bytes).
    Removing scheduler.o(.ARM.exidx.text.SysTick_Handler), (8 bytes).
    Removing scheduler.o(.ARM.exidx.text.scheduler_check_tasks), (8 bytes).
    Removing scheduler.o(.ARM.exidx.text.schedule_is_elapsed), (8 bytes).
    Removing scheduler.o(.ARM.exidx.text.scheduler_task_reschedule), (8 bytes).
    Removing tests.o(.text), (0 bytes).
    Removing tests.o(.ARM.exidx.text.test_DIPSW_LED), (8 bytes).
    Removing tests.o(.ARM.exidx.text.test_7SEGMENT), (8 bytes).
    Removing tests.o(.ARM.exidx.text.test_BUTTON), (8 bytes).
    Removing tests.o(.ARM.exidx.text.test_POTI), (8 bytes).
    Removing tests.o(.ARM.exidx.text.test_PWM), (8 bytes).
    Removing tests.o(.ARM.exidx.text.test_HEXSW), (8 bytes).
    Removing tests.o(.ARM.exidx.text.test_GPIO), (8 bytes).
    Removing tests.o(.ARM.exidx.text.test_DIRECT_GPIO), (8 bytes).
    Removing startup_ctboard.o(HEAP), (2048 bytes).
    Removing system_ctboard.o(.text), (0 bytes).
    Removing system_ctboard.o(.ARM.exidx.text.__system), (8 bytes).
    Removing system_ctboard.o(.ARM.exidx.text.system_enter_run), (8 bytes).
    Removing system_ctboard.o(.ARM.exidx.text.init_SystemClock), (8 bytes).
    Removing system_ctboard.o(.ARM.exidx.text.init_FPU), (8 bytes).
    Removing system_ctboard.o(.ARM.exidx.text.init_FMC_SRAM), (8 bytes).
    Removing system_ctboard.o(.ARM.exidx.text.init_LCD), (8 bytes).
    Removing system_ctboard.o(.text.system_enter_sleep), (2 bytes).
    Removing system_ctboard.o(.ARM.exidx.text.system_enter_sleep), (8 bytes).
    Removing system_ctboard.o(.text.system_enter_stop), (2 bytes).
    Removing system_ctboard.o(.ARM.exidx.text.system_enter_stop), (8 bytes).
    Removing system_ctboard.o(.text.system_enter_standby), (2 bytes).
    Removing system_ctboard.o(.ARM.exidx.text.system_enter_standby), (8 bytes).
    Removing system_ctboard.o(.text._sys_command_string), (12 bytes).
    Removing system_ctboard.o(.ARM.exidx.text._sys_command_string), (8 bytes).
    Removing system_ctboard.o(.ARM.exidx.text._ttywrch), (8 bytes).
    Removing system_ctboard.o(.ARM.exidx.text._sys_exit), (8 bytes).
    Removing hal_adc.o(.text), (0 bytes).
    Removing hal_adc.o(.text.hal_adc_reset), (22 bytes).
    Removing hal_adc.o(.ARM.exidx.text.hal_adc_reset), (8 bytes).
    Removing hal_adc.o(.text.hal_adc_init_base), (148 bytes).
    Removing hal_adc.o(.ARM.exidx.text.hal_adc_init_base), (8 bytes).
    Removing hal_adc.o(.text.hal_adc_init_channel), (358 bytes).
    Removing hal_adc.o(.ARM.exidx.text.hal_adc_init_channel), (8 bytes).
    Removing hal_adc.o(.ARM.exidx.text.hal_adc_start), (8 bytes).
    Removing hal_adc.o(.text.hal_adc_stop), (20 bytes).
    Removing hal_adc.o(.ARM.exidx.text.hal_adc_stop), (8 bytes).
    Removing hal_adc.o(.text.hal_adc_set_dma), (48 bytes).
    Removing hal_adc.o(.ARM.exidx.text.hal_adc_set_dma), (8 bytes).
    Removing hal_fmc.o(.text), (0 bytes).
    Removing hal_fmc.o(.text.hal_fmc_reset), (264 bytes).
    Removing hal_fmc.o(.ARM.exidx.text.hal_fmc_reset), (8 bytes).
    Removing hal_fmc.o(.ARM.exidx.text.hal_fmc_init_sram), (8 bytes).
    Removing hal_gpio.o(.text), (0 bytes).
    Removing hal_gpio.o(.text.hal_gpio_reset), (120 bytes).
    Removing hal_gpio.o(.ARM.exidx.text.hal_gpio_reset), (8 bytes).
    Removing hal_gpio.o(.ARM.exidx.text.hal_gpio_init_input), (8 bytes).
    Removing hal_gpio.o(.ARM.exidx.text.intercept_overwrite_register), (8 bytes).
    Removing hal_gpio.o(.ARM.exidx.text.create_pattern_mask), (8 bytes).
    Removing hal_gpio.o(.text.hal_gpio_init_analog), (84 bytes).
    Removing hal_gpio.o(.ARM.exidx.text.hal_gpio_init_analog), (8 bytes).
    Removing hal_gpio.o(.ARM.exidx.text.hal_gpio_init_output), (8 bytes).
    Removing hal_gpio.o(.ARM.exidx.text.hal_gpio_init_alternate), (8 bytes).
    Removing hal_gpio.o(.ARM.exidx.text.hal_gpio_input_read), (8 bytes).
    Removing hal_gpio.o(.text.hal_gpio_output_read), (14 bytes).
    Removing hal_gpio.o(.ARM.exidx.text.hal_gpio_output_read), (8 bytes).
    Removing hal_gpio.o(.ARM.exidx.text.hal_gpio_output_write), (8 bytes).
    Removing hal_gpio.o(.text.hal_gpio_bit_set), (54 bytes).
    Removing hal_gpio.o(.ARM.exidx.text.hal_gpio_bit_set), (8 bytes).
    Removing hal_gpio.o(.text.hal_gpio_bit_reset), (54 bytes).
    Removing hal_gpio.o(.ARM.exidx.text.hal_gpio_bit_reset), (8 bytes).
    Removing hal_gpio.o(.text.hal_gpio_bit_toggle), (78 bytes).
    Removing hal_gpio.o(.ARM.exidx.text.hal_gpio_bit_toggle), (8 bytes).
    Removing hal_gpio.o(.text.hal_gpio_irq_set), (888 bytes).
    Removing hal_gpio.o(.ARM.exidx.text.hal_gpio_irq_set), (8 bytes).
    Removing hal_gpio.o(.text.get_syscfg_mask), (272 bytes).
    Removing hal_gpio.o(.ARM.exidx.text.get_syscfg_mask), (8 bytes).
    Removing hal_gpio.o(.text.hal_gpio_irq_status), (76 bytes).
    Removing hal_gpio.o(.ARM.exidx.text.hal_gpio_irq_status), (8 bytes).
    Removing hal_gpio.o(.text.hal_gpio_irq_clear), (28 bytes).
    Removing hal_gpio.o(.ARM.exidx.text.hal_gpio_irq_clear), (8 bytes).
    Removing hal_pwr.o(.text), (0 bytes).
    Removing hal_pwr.o(.text.hal_pwr_reset), (24 bytes).
    Removing hal_pwr.o(.ARM.exidx.text.hal_pwr_reset), (8 bytes).
    Removing hal_pwr.o(.text.hal_pwr_set_backup_domain), (164 bytes).
    Removing hal_pwr.o(.ARM.exidx.text.hal_pwr_set_backup_domain), (8 bytes).
    Removing hal_pwr.o(.text.hal_pwr_set_backup_access), (52 bytes).
    Removing hal_pwr.o(.ARM.exidx.text.hal_pwr_set_backup_access), (8 bytes).
    Removing hal_pwr.o(.text.hal_pwr_set_wakeup_pin), (52 bytes).
    Removing hal_pwr.o(.ARM.exidx.text.hal_pwr_set_wakeup_pin), (8 bytes).
    Removing hal_pwr.o(.text.hal_pwr_set_flash_powerdown), (52 bytes).
    Removing hal_pwr.o(.ARM.exidx.text.hal_pwr_set_flash_powerdown), (8 bytes).
    Removing hal_pwr.o(.ARM.exidx.text.hal_pwr_set_overdrive), (8 bytes).
    Removing hal_pwr.o(.text.hal_pwr_set_underdrive), (14 bytes).
    Removing hal_pwr.o(.ARM.exidx.text.hal_pwr_set_underdrive), (8 bytes).
    Removing hal_rcc.o(.text), (0 bytes).
    Removing hal_rcc.o(.ARM.exidx.text.hal_rcc_reset), (8 bytes).
    Removing hal_rcc.o(.text.hal_rcc_set_peripheral), (500 bytes).
    Removing hal_rcc.o(.ARM.exidx.text.hal_rcc_set_peripheral), (8 bytes).
    Removing hal_rcc.o(.ARM.exidx.text.hal_rcc_set_osc), (8 bytes).
    Removing hal_rcc.o(.ARM.exidx.text.hal_rcc_setup_pll), (8 bytes).
    Removing hal_rcc.o(.ARM.exidx.text.hal_rcc_setup_clock), (8 bytes).
    Removing hal_systick.o(.text), (0 bytes).
    Removing hal_systick.o(.text.hal_systick_reset), (56 bytes).
    Removing hal_systick.o(.ARM.exidx.text.hal_systick_reset), (8 bytes).
    Removing hal_systick.o(.ARM.exidx.text.hal_systick_init), (8 bytes).
    Removing hal_systick.o(.ARM.exidx.text.hal_systick_pause), (8 bytes).
    Removing hal_systick.o(.ARM.exidx.text.hal_systick_resume), (8 bytes).

120 unused section(s) (total 6274 bytes) removed from the image.

==============================================================================

Image Symbol Table

    Local Symbols

    Symbol Name                              Value     Ov Type        Size  Object(Section)

    ../clib/angel/boardlib.s                 0x00000000   Number         0  boardinit1.o ABSOLUTE
    ../clib/angel/boardlib.s                 0x00000000   Number         0  boardinit2.o ABSOLUTE
    ../clib/angel/boardlib.s                 0x00000000   Number         0  boardinit3.o ABSOLUTE
    ../clib/angel/boardlib.s                 0x00000000   Number         0  boardshut.o ABSOLUTE
    ../clib/angel/handlers.s                 0x00000000   Number         0  __scatter_copy.o ABSOLUTE
    ../clib/angel/handlers.s                 0x00000000   Number         0  __scatter_zi.o ABSOLUTE
    ../clib/angel/kernel.s                   0x00000000   Number         0  __rtentry.o ABSOLUTE
    ../clib/angel/kernel.s                   0x00000000   Number         0  __rtentry2.o ABSOLUTE
    ../clib/angel/kernel.s                   0x00000000   Number         0  __rtentry4.o ABSOLUTE
    ../clib/angel/kernel.s                   0x00000000   Number         0  rtexit.o ABSOLUTE
    ../clib/angel/kernel.s                   0x00000000   Number         0  rtexit2.o ABSOLUTE
    ../clib/angel/rt.s                       0x00000000   Number         0  aeabi_idiv0.o ABSOLUTE
    ../clib/angel/rt.s                       0x00000000   Number         0  aeabi_idiv0_sigfpe.o ABSOLUTE
    ../clib/angel/rt.s                       0x00000000   Number         0  rt_div0.o ABSOLUTE
    ../clib/angel/rt.s                       0x00000000   Number         0  rt_raise.o ABSOLUTE
    ../clib/angel/scatterp.s                 0x00000000   Number         0  __scatter.o ABSOLUTE
    ../clib/angel/sys.s                      0x00000000   Number         0  use_no_semi_2.o ABSOLUTE
    ../clib/angel/sys.s                      0x00000000   Number         0  use_no_semi.o ABSOLUTE
    ../clib/armsys.c                         0x00000000   Number         0  argv_veneer.o ABSOLUTE
    ../clib/armsys.c                         0x00000000   Number         0  _get_argv_nomalloc.o ABSOLUTE
    ../clib/armsys.c                         0x00000000   Number         0  no_argv.o ABSOLUTE
    ../clib/assert.c                         0x00000000   Number         0  assert.o ABSOLUTE
    ../clib/assert.c                         0x00000000   Number         0  assert_puts.o ABSOLUTE
    ../clib/division.s                       0x00000000   Number         0  aeabi_sdiv.o ABSOLUTE
    ../clib/division.s                       0x00000000   Number         0  aeabi_sdiv_div0.o ABSOLUTE
    ../clib/heapalloc.c                      0x00000000   Number         0  hrguard.o ABSOLUTE
    ../clib/libinit.s                        0x00000000   Number         0  libinit.o ABSOLUTE
    ../clib/libinit.s                        0x00000000   Number         0  libinit2.o ABSOLUTE
    ../clib/libinit.s                        0x00000000   Number         0  libshutdown.o ABSOLUTE
    ../clib/libinit.s                        0x00000000   Number         0  libshutdown2.o ABSOLUTE
    ../clib/signal.c                         0x00000000   Number         0  defsig_abrt_outer.o ABSOLUTE
    ../clib/signal.c                         0x00000000   Number         0  defsig_abrt_formal.o ABSOLUTE
    ../clib/signal.c                         0x00000000   Number         0  defsig_exit.o ABSOLUTE
    ../clib/signal.c                         0x00000000   Number         0  defsig_abrt_inner.o ABSOLUTE
    ../clib/signal.c                         0x00000000   Number         0  defsig_fpe_outer.o ABSOLUTE
    ../clib/signal.c                         0x00000000   Number         0  defsig_fpe_formal.o ABSOLUTE
    ../clib/signal.c                         0x00000000   Number         0  __raise.o ABSOLUTE
    ../clib/signal.c                         0x00000000   Number         0  defsig_general.o ABSOLUTE
    ../clib/signal.c                         0x00000000   Number         0  defsig_fpe_inner.o ABSOLUTE
    ../clib/signal.c                         0x00000000   Number         0  defsig_rtred_inner.o ABSOLUTE
    ../clib/signal.c                         0x00000000   Number         0  defsig_rtmem_inner.o ABSOLUTE
    ../clib/signal.c                         0x00000000   Number         0  defsig_stak_inner.o ABSOLUTE
    ../clib/signal.c                         0x00000000   Number         0  defsig_pvfn_inner.o ABSOLUTE
    ../clib/signal.c                         0x00000000   Number         0  defsig_cppl_inner.o ABSOLUTE
    ../clib/signal.c                         0x00000000   Number         0  defsig_segv_inner.o ABSOLUTE
    ../clib/signal.c                         0x00000000   Number         0  defsig_other.o ABSOLUTE
    ../clib/signal.c                         0x00000000   Number         0  defsig_rtmem_outer.o ABSOLUTE
    ../clib/signal.c                         0x00000000   Number         0  defsig_rtmem_formal.o ABSOLUTE
    ../clib/signal.s                         0x00000000   Number         0  defsig.o ABSOLUTE
    ../clib/stdlib.c                         0x00000000   Number         0  abort.o ABSOLUTE
    ../clib/stdlib.c                         0x00000000   Number         0  exit.o ABSOLUTE
    ../fplib/cfplib/fpinit.c                 0x00000000   Number         0  fpinit.o ABSOLUTE
    RTE/Device/CT_Board_HS14_M0/datainit_ctboard.s 0x00000000   Number         0  datainit_ctboard.o ABSOLUTE
    RTE/Device/CT_Board_HS14_M0/startup_ctboard.s 0x00000000   Number         0  startup_ctboard.o ABSOLUTE
    dc.s                                     0x00000000   Number         0  dc.o ABSOLUTE
    hal_adc.c                                0x00000000   Number         0  hal_adc.o ABSOLUTE
    hal_fmc.c                                0x00000000   Number         0  hal_fmc.o ABSOLUTE
    hal_gpio.c                               0x00000000   Number         0  hal_gpio.o ABSOLUTE
    hal_pwr.c                                0x00000000   Number         0  hal_pwr.o ABSOLUTE
    hal_rcc.c                                0x00000000   Number         0  hal_rcc.o ABSOLUTE
    hal_systick.c                            0x00000000   Number         0  hal_systick.o ABSOLUTE
    init_ctboard.c                           0x00000000   Number         0  init_ctboard.o ABSOLUTE
    main.c                                   0x00000000   Number         0  main.o ABSOLUTE
    scheduler.c                              0x00000000   Number         0  scheduler.o ABSOLUTE
    system_ctboard.c                         0x00000000   Number         0  system_ctboard.o ABSOLUTE
    tests.c                                  0x00000000   Number         0  tests.o ABSOLUTE
    RESET                                    0x08000000   Section      428  startup_ctboard.o(RESET)
    !!!scatter                               0x080001ac   Section       60  __scatter.o(!!!scatter)
    !!handler_copy                           0x080001e8   Section       26  __scatter_copy.o(!!handler_copy)
    !!handler_zi                             0x08000204   Section       28  __scatter_zi.o(!!handler_zi)
    .ARM.Collect$$libinit$$00000000          0x08000220   Section        2  libinit.o(.ARM.Collect$$libinit$$00000000)
    .ARM.Collect$$libinit$$00000002          0x08000222   Section        0  libinit2.o(.ARM.Collect$$libinit$$00000002)
    .ARM.Collect$$libinit$$00000004          0x08000222   Section        0  libinit2.o(.ARM.Collect$$libinit$$00000004)
    .ARM.Collect$$libinit$$00000006          0x08000222   Section        0  libinit2.o(.ARM.Collect$$libinit$$00000006)
    .ARM.Collect$$libinit$$0000000C          0x08000222   Section        0  libinit2.o(.ARM.Collect$$libinit$$0000000C)
    .ARM.Collect$$libinit$$0000000E          0x08000222   Section        0  libinit2.o(.ARM.Collect$$libinit$$0000000E)
    .ARM.Collect$$libinit$$00000010          0x08000222   Section        0  libinit2.o(.ARM.Collect$$libinit$$00000010)
    .ARM.Collect$$libinit$$00000013          0x08000222   Section        0  libinit2.o(.ARM.Collect$$libinit$$00000013)
    .ARM.Collect$$libinit$$00000015          0x08000222   Section        0  libinit2.o(.ARM.Collect$$libinit$$00000015)
    .ARM.Collect$$libinit$$00000017          0x08000222   Section        0  libinit2.o(.ARM.Collect$$libinit$$00000017)
    .ARM.Collect$$libinit$$00000019          0x08000222   Section        0  libinit2.o(.ARM.Collect$$libinit$$00000019)
    .ARM.Collect$$libinit$$0000001B          0x08000222   Section        0  libinit2.o(.ARM.Collect$$libinit$$0000001B)
    .ARM.Collect$$libinit$$0000001D          0x08000222   Section        0  libinit2.o(.ARM.Collect$$libinit$$0000001D)
    .ARM.Collect$$libinit$$0000001F          0x08000222   Section        0  libinit2.o(.ARM.Collect$$libinit$$0000001F)
    .ARM.Collect$$libinit$$00000021          0x08000222   Section        0  libinit2.o(.ARM.Collect$$libinit$$00000021)
    .ARM.Collect$$libinit$$00000023          0x08000222   Section        0  libinit2.o(.ARM.Collect$$libinit$$00000023)
    .ARM.Collect$$libinit$$00000025          0x08000222   Section        0  libinit2.o(.ARM.Collect$$libinit$$00000025)
    .ARM.Collect$$libinit$$00000027          0x08000222   Section        0  libinit2.o(.ARM.Collect$$libinit$$00000027)
    .ARM.Collect$$libinit$$0000002E          0x08000222   Section        0  libinit2.o(.ARM.Collect$$libinit$$0000002E)
    .ARM.Collect$$libinit$$00000030          0x08000222   Section        0  libinit2.o(.ARM.Collect$$libinit$$00000030)
    .ARM.Collect$$libinit$$00000032          0x08000222   Section        0  libinit2.o(.ARM.Collect$$libinit$$00000032)
    .ARM.Collect$$libinit$$00000034          0x08000222   Section        0  libinit2.o(.ARM.Collect$$libinit$$00000034)
    .ARM.Collect$$libinit$$00000035          0x08000222   Section        2  libinit2.o(.ARM.Collect$$libinit$$00000035)
    .ARM.Collect$$libshutdown$$00000000      0x08000224   Section        2  libshutdown.o(.ARM.Collect$$libshutdown$$00000000)
    .ARM.Collect$$libshutdown$$00000002      0x08000226   Section        0  libshutdown2.o(.ARM.Collect$$libshutdown$$00000002)
    .ARM.Collect$$libshutdown$$00000004      0x08000226   Section        0  libshutdown2.o(.ARM.Collect$$libshutdown$$00000004)
    .ARM.Collect$$libshutdown$$00000007      0x08000226   Section        0  libshutdown2.o(.ARM.Collect$$libshutdown$$00000007)
    .ARM.Collect$$libshutdown$$0000000A      0x08000226   Section        0  libshutdown2.o(.ARM.Collect$$libshutdown$$0000000A)
    .ARM.Collect$$libshutdown$$0000000C      0x08000226   Section        0  libshutdown2.o(.ARM.Collect$$libshutdown$$0000000C)
    .ARM.Collect$$libshutdown$$0000000F      0x08000226   Section        0  libshutdown2.o(.ARM.Collect$$libshutdown$$0000000F)
    .ARM.Collect$$libshutdown$$00000010      0x08000226   Section        2  libshutdown2.o(.ARM.Collect$$libshutdown$$00000010)
    .ARM.Collect$$rtentry$$00000000          0x08000228   Section        0  __rtentry.o(.ARM.Collect$$rtentry$$00000000)
    .ARM.Collect$$rtentry$$00000002          0x08000228   Section        0  __rtentry2.o(.ARM.Collect$$rtentry$$00000002)
    .ARM.Collect$$rtentry$$00000004          0x08000228   Section        6  __rtentry4.o(.ARM.Collect$$rtentry$$00000004)
    .ARM.Collect$$rtentry$$00000009          0x0800022e   Section        0  __rtentry2.o(.ARM.Collect$$rtentry$$00000009)
    .ARM.Collect$$rtentry$$0000000A          0x0800022e   Section        4  __rtentry2.o(.ARM.Collect$$rtentry$$0000000A)
    .ARM.Collect$$rtentry$$0000000C          0x08000232   Section        0  __rtentry2.o(.ARM.Collect$$rtentry$$0000000C)
    .ARM.Collect$$rtentry$$0000000D          0x08000232   Section        8  __rtentry2.o(.ARM.Collect$$rtentry$$0000000D)
    .ARM.Collect$$rtexit$$00000000           0x0800023a   Section        2  rtexit.o(.ARM.Collect$$rtexit$$00000000)
    .ARM.Collect$$rtexit$$00000002           0x0800023c   Section        0  rtexit2.o(.ARM.Collect$$rtexit$$00000002)
    .ARM.Collect$$rtexit$$00000003           0x0800023c   Section        4  rtexit2.o(.ARM.Collect$$rtexit$$00000003)
    .ARM.Collect$$rtexit$$00000004           0x08000240   Section        6  rtexit2.o(.ARM.Collect$$rtexit$$00000004)
    .text                                    0x08000248   Section       40  datainit_ctboard.o(.text)
    .text                                    0x08000270   Section       36  startup_ctboard.o(.text)
    .text                                    0x08000294   Section        2  use_no_semi_2.o(.text)
    .text                                    0x08000298   Section        0  assert.o(.text)
    .text                                    0x08000314   Section      364  aeabi_sdiv.o(.text)
    .text                                    0x08000480   Section        2  use_no_semi.o(.text)
    .text                                    0x08000482   Section        0  abort.o(.text)
    .text                                    0x08000496   Section        0  assert_puts.o(.text)
    .text                                    0x080004aa   Section        0  defsig_abrt_outer.o(.text)
    .text                                    0x080004b6   Section        0  exit.o(.text)
    .text                                    0x080004c6   Section        0  defsig_exit.o(.text)
    .text                                    0x080004d4   Section        0  defsig_abrt_inner.o(.text)
    .text                                    0x08000504   Section        0  defsig_general.o(.text)
    [Anonymous Symbol]                       0x08000538   Section        0  scheduler.o(.text.SysTick_Handler)
    __arm_cp.5_0                             0x08000548   Number         4  scheduler.o(.text.SysTick_Handler)
    [Anonymous Symbol]                       0x0800054c   Section        0  system_ctboard.o(.text.__system)
    [Anonymous Symbol]                       0x08000554   Section        0  system_ctboard.o(.text._sys_exit)
    [Anonymous Symbol]                       0x0800055c   Section        0  system_ctboard.o(.text._ttywrch)
    create_pattern_mask                      0x08000565   Thumb Code   156  hal_gpio.o(.text.create_pattern_mask)
    [Anonymous Symbol]                       0x08000564   Section        0  hal_gpio.o(.text.create_pattern_mask)
    [Anonymous Symbol]                       0x08000600   Section        0  hal_adc.o(.text.hal_adc_start)
    [Anonymous Symbol]                       0x08000614   Section        0  hal_fmc.o(.text.hal_fmc_init_sram)
    __arm_cp.1_0                             0x080008b8   Number         4  hal_fmc.o(.text.hal_fmc_init_sram)
    __arm_cp.1_1                             0x080008bc   Number         4  hal_fmc.o(.text.hal_fmc_init_sram)
    __arm_cp.1_2                             0x080008c0   Number         4  hal_fmc.o(.text.hal_fmc_init_sram)
    __arm_cp.1_3                             0x080008c4   Number         4  hal_fmc.o(.text.hal_fmc_init_sram)
    __arm_cp.1_4                             0x080008c8   Number         4  hal_fmc.o(.text.hal_fmc_init_sram)
    __arm_cp.1_5                             0x080008cc   Number         4  hal_fmc.o(.text.hal_fmc_init_sram)
    __arm_cp.1_6                             0x080008d0   Number         4  hal_fmc.o(.text.hal_fmc_init_sram)
    __arm_cp.1_7                             0x080008d4   Number         4  hal_fmc.o(.text.hal_fmc_init_sram)
    __arm_cp.1_8                             0x080008d8   Number         4  hal_fmc.o(.text.hal_fmc_init_sram)
    [Anonymous Symbol]                       0x080008dc   Section        0  hal_gpio.o(.text.hal_gpio_init_alternate)
    [Anonymous Symbol]                       0x0800099e   Section        0  hal_gpio.o(.text.hal_gpio_init_input)
    [Anonymous Symbol]                       0x08000a1c   Section        0  hal_gpio.o(.text.hal_gpio_init_output)
    [Anonymous Symbol]                       0x08000aec   Section        0  hal_gpio.o(.text.hal_gpio_input_read)
    [Anonymous Symbol]                       0x08000afa   Section        0  hal_gpio.o(.text.hal_gpio_output_write)
    [Anonymous Symbol]                       0x08000b24   Section        0  hal_pwr.o(.text.hal_pwr_set_overdrive)
    [Anonymous Symbol]                       0x08000b34   Section        0  hal_rcc.o(.text.hal_rcc_reset)
    __arm_cp.0_1                             0x08000bc8   Number         4  hal_rcc.o(.text.hal_rcc_reset)
    __arm_cp.0_4                             0x08000bcc   Number         4  hal_rcc.o(.text.hal_rcc_reset)
    __arm_cp.0_5                             0x08000bd0   Number         4  hal_rcc.o(.text.hal_rcc_reset)
    __arm_cp.0_6                             0x08000bd4   Number         4  hal_rcc.o(.text.hal_rcc_reset)
    __arm_cp.0_7                             0x08000bd8   Number         4  hal_rcc.o(.text.hal_rcc_reset)
    __arm_cp.0_8                             0x08000bdc   Number         4  hal_rcc.o(.text.hal_rcc_reset)
    __arm_cp.0_9                             0x08000be0   Number         4  hal_rcc.o(.text.hal_rcc_reset)
    __arm_cp.0_10                            0x08000be4   Number         4  hal_rcc.o(.text.hal_rcc_reset)
    __arm_cp.0_11                            0x08000be8   Number         4  hal_rcc.o(.text.hal_rcc_reset)
    __arm_cp.0_12                            0x08000bec   Number         4  hal_rcc.o(.text.hal_rcc_reset)
    __arm_cp.0_13                            0x08000bf0   Number         4  hal_rcc.o(.text.hal_rcc_reset)
    __arm_cp.0_14                            0x08000bf4   Number         4  hal_rcc.o(.text.hal_rcc_reset)
    __arm_cp.0_15                            0x08000bf8   Number         4  hal_rcc.o(.text.hal_rcc_reset)
    __arm_cp.0_16                            0x08000bfc   Number         4  hal_rcc.o(.text.hal_rcc_reset)
    __arm_cp.0_17                            0x08000c00   Number         4  hal_rcc.o(.text.hal_rcc_reset)
    __arm_cp.0_18                            0x08000c04   Number         4  hal_rcc.o(.text.hal_rcc_reset)
    __arm_cp.0_19                            0x08000c08   Number         4  hal_rcc.o(.text.hal_rcc_reset)
    __arm_cp.0_20                            0x08000c0c   Number         4  hal_rcc.o(.text.hal_rcc_reset)
    __arm_cp.0_21                            0x08000c10   Number         4  hal_rcc.o(.text.hal_rcc_reset)
    __arm_cp.0_22                            0x08000c14   Number         4  hal_rcc.o(.text.hal_rcc_reset)
    __arm_cp.0_23                            0x08000c18   Number         4  hal_rcc.o(.text.hal_rcc_reset)
    __arm_cp.0_24                            0x08000c1c   Number         4  hal_rcc.o(.text.hal_rcc_reset)
    __arm_cp.0_25                            0x08000c20   Number         4  hal_rcc.o(.text.hal_rcc_reset)
    __arm_cp.0_26                            0x08000c24   Number         4  hal_rcc.o(.text.hal_rcc_reset)
    __arm_cp.0_27                            0x08000c28   Number         4  hal_rcc.o(.text.hal_rcc_reset)
    __arm_cp.0_28                            0x08000c2c   Number         4  hal_rcc.o(.text.hal_rcc_reset)
    __arm_cp.0_29                            0x08000c30   Number         4  hal_rcc.o(.text.hal_rcc_reset)
    __arm_cp.0_30                            0x08000c34   Number         4  hal_rcc.o(.text.hal_rcc_reset)
    __arm_cp.0_31                            0x08000c38   Number         4  hal_rcc.o(.text.hal_rcc_reset)
    [Anonymous Symbol]                       0x08000c3c   Section        0  hal_rcc.o(.text.hal_rcc_set_osc)
    __arm_cp.2_0                             0x08000d48   Number         4  hal_rcc.o(.text.hal_rcc_set_osc)
    __arm_cp.2_1                             0x08000d4c   Number         4  hal_rcc.o(.text.hal_rcc_set_osc)
    __arm_cp.2_2                             0x08000d50   Number         4  hal_rcc.o(.text.hal_rcc_set_osc)
    [Anonymous Symbol]                       0x08000d54   Section        0  hal_rcc.o(.text.hal_rcc_setup_clock)
    __arm_cp.4_0                             0x08000ee8   Number         4  hal_rcc.o(.text.hal_rcc_setup_clock)
    __arm_cp.4_1                             0x08000eec   Number         4  hal_rcc.o(.text.hal_rcc_setup_clock)
    __arm_cp.4_2                             0x08000ef0   Number         4  hal_rcc.o(.text.hal_rcc_setup_clock)
    [Anonymous Symbol]                       0x08000ef4   Section        0  hal_rcc.o(.text.hal_rcc_setup_pll)
    __arm_cp.3_0                             0x08001138   Number         4  hal_rcc.o(.text.hal_rcc_setup_pll)
    __arm_cp.3_1                             0x0800113c   Number         4  hal_rcc.o(.text.hal_rcc_setup_pll)
    __arm_cp.3_2                             0x08001140   Number         4  hal_rcc.o(.text.hal_rcc_setup_pll)
    __arm_cp.3_3                             0x08001144   Number         4  hal_rcc.o(.text.hal_rcc_setup_pll)
    __arm_cp.3_4                             0x08001148   Number         4  hal_rcc.o(.text.hal_rcc_setup_pll)
    __arm_cp.3_5                             0x0800114c   Number         4  hal_rcc.o(.text.hal_rcc_setup_pll)
    __arm_cp.3_6                             0x08001150   Number         4  hal_rcc.o(.text.hal_rcc_setup_pll)
    __arm_cp.3_7                             0x08001154   Number         4  hal_rcc.o(.text.hal_rcc_setup_pll)
    [Anonymous Symbol]                       0x08001158   Section        0  hal_systick.o(.text.hal_systick_init)
    __arm_cp.1_1                             0x080011a8   Number         4  hal_systick.o(.text.hal_systick_init)
    __arm_cp.1_2                             0x080011ac   Number         4  hal_systick.o(.text.hal_systick_init)
    __arm_cp.1_3                             0x080011b0   Number         4  hal_systick.o(.text.hal_systick_init)
    __arm_cp.1_4                             0x080011b4   Number         4  hal_systick.o(.text.hal_systick_init)
    [Anonymous Symbol]                       0x080011b8   Section        0  hal_systick.o(.text.hal_systick_pause)
    [Anonymous Symbol]                       0x080011c4   Section        0  hal_systick.o(.text.hal_systick_resume)
    __arm_cp.3_0                             0x080011d0   Number         4  hal_systick.o(.text.hal_systick_resume)
    init_ADC                                 0x080011d5   Thumb Code    84  init_ctboard.o(.text.init_ADC)
    [Anonymous Symbol]                       0x080011d4   Section        0  init_ctboard.o(.text.init_ADC)
    __arm_cp.1_0                             0x08001228   Number         4  init_ctboard.o(.text.init_ADC)
    __arm_cp.1_3                             0x0800122c   Number         4  init_ctboard.o(.text.init_ADC)
    __arm_cp.1_4                             0x08001230   Number         4  init_ctboard.o(.text.init_ADC)
    __arm_cp.1_5                             0x08001234   Number         4  init_ctboard.o(.text.init_ADC)
    __arm_cp.1_6                             0x08001238   Number         4  init_ctboard.o(.text.init_ADC)
    [Anonymous Symbol]                       0x0800123c   Section        0  init_ctboard.o(.text.init_CT_BOARD)
    __arm_cp.0_0                             0x08001258   Number         4  init_ctboard.o(.text.init_CT_BOARD)
    init_FMC                                 0x0800125d   Thumb Code   340  init_ctboard.o(.text.init_FMC)
    [Anonymous Symbol]                       0x0800125c   Section        0  init_ctboard.o(.text.init_FMC)
    init_FMC_SRAM                            0x080013b1   Thumb Code   340  system_ctboard.o(.text.init_FMC_SRAM)
    [Anonymous Symbol]                       0x080013b0   Section        0  system_ctboard.o(.text.init_FMC_SRAM)
    __arm_cp.4_1                             0x08001504   Number         4  system_ctboard.o(.text.init_FMC_SRAM)
    __arm_cp.4_2                             0x08001508   Number         4  system_ctboard.o(.text.init_FMC_SRAM)
    __arm_cp.4_3                             0x0800150c   Number         4  system_ctboard.o(.text.init_FMC_SRAM)
    __arm_cp.4_4                             0x08001510   Number         4  system_ctboard.o(.text.init_FMC_SRAM)
    __arm_cp.4_5                             0x08001514   Number         4  system_ctboard.o(.text.init_FMC_SRAM)
    __arm_cp.4_6                             0x08001518   Number         4  system_ctboard.o(.text.init_FMC_SRAM)
    __arm_cp.4_7                             0x0800151c   Number         4  system_ctboard.o(.text.init_FMC_SRAM)
    __arm_cp.4_8                             0x08001520   Number         4  system_ctboard.o(.text.init_FMC_SRAM)
    __arm_cp.4_9                             0x08001524   Number         4  system_ctboard.o(.text.init_FMC_SRAM)
    init_FPU                                 0x08001529   Thumb Code     2  system_ctboard.o(.text.init_FPU)
    [Anonymous Symbol]                       0x08001528   Section        0  system_ctboard.o(.text.init_FPU)
    init_GPIO                                0x0800152d   Thumb Code    84  init_ctboard.o(.text.init_GPIO)
    [Anonymous Symbol]                       0x0800152c   Section        0  init_ctboard.o(.text.init_GPIO)
    __arm_cp.3_0                             0x08001580   Number         4  init_ctboard.o(.text.init_GPIO)
    init_LCD                                 0x08001585   Thumb Code    92  init_ctboard.o(.text.init_LCD)
    [Anonymous Symbol]                       0x08001584   Section        0  init_ctboard.o(.text.init_LCD)
    __arm_cp.5_0                             0x080015e0   Number         4  init_ctboard.o(.text.init_LCD)
    __arm_cp.5_1                             0x080015e4   Number         4  init_ctboard.o(.text.init_LCD)
    __arm_cp.5_2                             0x080015e8   Number         4  init_ctboard.o(.text.init_LCD)
    __arm_cp.5_3                             0x080015ec   Number         4  init_ctboard.o(.text.init_LCD)
    __arm_cp.5_4                             0x080015f0   Number         4  init_ctboard.o(.text.init_LCD)
    __arm_cp.5_5                             0x080015f4   Number         4  init_ctboard.o(.text.init_LCD)
    __arm_cp.5_6                             0x080015f8   Number         4  init_ctboard.o(.text.init_LCD)
    __arm_cp.5_7                             0x080015fc   Number         4  init_ctboard.o(.text.init_LCD)
    __arm_cp.5_8                             0x08001600   Number         4  init_ctboard.o(.text.init_LCD)
    __arm_cp.5_9                             0x08001604   Number         4  init_ctboard.o(.text.init_LCD)
    __arm_cp.5_10                            0x08001608   Number         4  init_ctboard.o(.text.init_LCD)
    __arm_cp.5_11                            0x0800160c   Number         4  init_ctboard.o(.text.init_LCD)
    __arm_cp.5_12                            0x08001610   Number         4  init_ctboard.o(.text.init_LCD)
    __arm_cp.5_13                            0x08001614   Number         4  init_ctboard.o(.text.init_LCD)
    __arm_cp.5_14                            0x08001618   Number         4  init_ctboard.o(.text.init_LCD)
    __arm_cp.5_15                            0x0800161c   Number         4  init_ctboard.o(.text.init_LCD)
    init_LCD                                 0x08001621   Thumb Code    32  system_ctboard.o(.text.init_LCD)
    [Anonymous Symbol]                       0x08001620   Section        0  system_ctboard.o(.text.init_LCD)
    __arm_cp.5_0                             0x08001640   Number         4  system_ctboard.o(.text.init_LCD)
    init_SystemClock                         0x08001645   Thumb Code   196  system_ctboard.o(.text.init_SystemClock)
    [Anonymous Symbol]                       0x08001644   Section        0  system_ctboard.o(.text.init_SystemClock)
    __arm_cp.2_0                             0x08001708   Number         4  system_ctboard.o(.text.init_SystemClock)
    __arm_cp.2_1                             0x0800170c   Number         4  system_ctboard.o(.text.init_SystemClock)
    __arm_cp.2_2                             0x08001710   Number         4  system_ctboard.o(.text.init_SystemClock)
    __arm_cp.2_3                             0x08001714   Number         4  system_ctboard.o(.text.init_SystemClock)
    __arm_cp.2_4                             0x08001718   Number         4  system_ctboard.o(.text.init_SystemClock)
    intercept_overwrite_register             0x0800171d   Thumb Code    48  hal_gpio.o(.text.intercept_overwrite_register)
    [Anonymous Symbol]                       0x0800171c   Section        0  hal_gpio.o(.text.intercept_overwrite_register)
    __arm_cp.2_0                             0x0800174c   Number         4  hal_gpio.o(.text.intercept_overwrite_register)
    __arm_cp.2_1                             0x08001750   Number         4  hal_gpio.o(.text.intercept_overwrite_register)
    __arm_cp.2_2                             0x08001754   Number         4  hal_gpio.o(.text.intercept_overwrite_register)
    [Anonymous Symbol]                       0x08001758   Section        0  main.o(.text.main)
    __arm_cp.0_0                             0x080017c0   Number         4  main.o(.text.main)
    __arm_cp.0_1                             0x080017c4   Number         4  main.o(.text.main)
    __arm_cp.0_2                             0x080017c8   Number         4  main.o(.text.main)
    __arm_cp.0_3                             0x080017cc   Number         4  main.o(.text.main)
    __arm_cp.0_4                             0x080017d0   Number         4  main.o(.text.main)
    __arm_cp.0_5                             0x080017d4   Number         4  main.o(.text.main)
    __arm_cp.0_6                             0x080017d8   Number         4  main.o(.text.main)
    __arm_cp.0_7                             0x080017dc   Number         4  main.o(.text.main)
    __arm_cp.0_8                             0x080017e0   Number         4  main.o(.text.main)
    __arm_cp.0_9                             0x080017e4   Number         4  main.o(.text.main)
    __arm_cp.0_10                            0x080017e8   Number         4  main.o(.text.main)
    __arm_cp.0_11                            0x080017ec   Number         4  main.o(.text.main)
    __arm_cp.0_12                            0x080017f0   Number         4  main.o(.text.main)
    __arm_cp.0_13                            0x080017f4   Number         4  main.o(.text.main)
    __arm_cp.0_14                            0x080017f8   Number         4  main.o(.text.main)
    __arm_cp.0_15                            0x080017fc   Number         4  main.o(.text.main)
    schedule_is_elapsed                      0x08001801   Thumb Code    48  scheduler.o(.text.schedule_is_elapsed)
    [Anonymous Symbol]                       0x08001800   Section        0  scheduler.o(.text.schedule_is_elapsed)
    scheduler_check_tasks                    0x08001831   Thumb Code    72  scheduler.o(.text.scheduler_check_tasks)
    [Anonymous Symbol]                       0x08001830   Section        0  scheduler.o(.text.scheduler_check_tasks)
    [Anonymous Symbol]                       0x08001878   Section        0  scheduler.o(.text.scheduler_init)
    __arm_cp.0_1                             0x0800188c   Number         4  scheduler.o(.text.scheduler_init)
    [Anonymous Symbol]                       0x08001890   Section        0  scheduler.o(.text.scheduler_register_task)
    scheduler_task_add                       0x080018c9   Thumb Code    84  scheduler.o(.text.scheduler_task_add)
    [Anonymous Symbol]                       0x080018c8   Section        0  scheduler.o(.text.scheduler_task_add)
    __arm_cp.2_0                             0x0800191c   Number         4  scheduler.o(.text.scheduler_task_add)
    scheduler_task_reschedule                0x08001921   Thumb Code    40  scheduler.o(.text.scheduler_task_reschedule)
    [Anonymous Symbol]                       0x08001920   Section        0  scheduler.o(.text.scheduler_task_reschedule)
    __arm_cp.8_0                             0x08001948   Number         4  scheduler.o(.text.scheduler_task_reschedule)
    [Anonymous Symbol]                       0x0800194c   Section        0  system_ctboard.o(.text.system_enter_run)
    [Anonymous Symbol]                       0x08001960   Section        0  tests.o(.text.test_7SEGMENT)
    __arm_cp.1_0                             0x080019cc   Number         4  tests.o(.text.test_7SEGMENT)
    __arm_cp.1_2                             0x080019d0   Number         4  tests.o(.text.test_7SEGMENT)
    [Anonymous Symbol]                       0x080019d4   Section        0  tests.o(.text.test_BUTTON)
    __arm_cp.2_1                             0x08001a38   Number         4  tests.o(.text.test_BUTTON)
    __arm_cp.2_2                             0x08001a3c   Number         4  tests.o(.text.test_BUTTON)
    __arm_cp.2_3                             0x08001a40   Number         4  tests.o(.text.test_BUTTON)
    __arm_cp.2_4                             0x08001a44   Number         4  tests.o(.text.test_BUTTON)
    [Anonymous Symbol]                       0x08001a48   Section        0  tests.o(.text.test_DIPSW_LED)
    __arm_cp.0_0                             0x08001ab4   Number         4  tests.o(.text.test_DIPSW_LED)
    __arm_cp.0_1                             0x08001ab8   Number         4  tests.o(.text.test_DIPSW_LED)
    __arm_cp.0_2                             0x08001abc   Number         4  tests.o(.text.test_DIPSW_LED)
    __arm_cp.0_3                             0x08001ac0   Number         4  tests.o(.text.test_DIPSW_LED)
    __arm_cp.0_4                             0x08001ac4   Number         4  tests.o(.text.test_DIPSW_LED)
    __arm_cp.0_5                             0x08001ac8   Number         4  tests.o(.text.test_DIPSW_LED)
    [Anonymous Symbol]                       0x08001acc   Section        0  tests.o(.text.test_DIRECT_GPIO)
    __arm_cp.7_0                             0x08001b04   Number         4  tests.o(.text.test_DIRECT_GPIO)
    __arm_cp.7_1                             0x08001b08   Number         4  tests.o(.text.test_DIRECT_GPIO)
    __arm_cp.7_2                             0x08001b0c   Number         4  tests.o(.text.test_DIRECT_GPIO)
    __arm_cp.7_3                             0x08001b10   Number         4  tests.o(.text.test_DIRECT_GPIO)
    __arm_cp.7_4                             0x08001b14   Number         4  tests.o(.text.test_DIRECT_GPIO)
    [Anonymous Symbol]                       0x08001b18   Section        0  tests.o(.text.test_GPIO)
    __arm_cp.6_0                             0x08001c20   Number         4  tests.o(.text.test_GPIO)
    __arm_cp.6_1                             0x08001c24   Number         4  tests.o(.text.test_GPIO)
    __arm_cp.6_2                             0x08001c28   Number         4  tests.o(.text.test_GPIO)
    __arm_cp.6_3                             0x08001c2c   Number         4  tests.o(.text.test_GPIO)
    __arm_cp.6_4                             0x08001c30   Number         4  tests.o(.text.test_GPIO)
    __arm_cp.6_5                             0x08001c34   Number         4  tests.o(.text.test_GPIO)
    __arm_cp.6_6                             0x08001c38   Number         4  tests.o(.text.test_GPIO)
    __arm_cp.6_7                             0x08001c3c   Number         4  tests.o(.text.test_GPIO)
    [Anonymous Symbol]                       0x08001c40   Section        0  tests.o(.text.test_HEXSW)
    __arm_cp.5_0                             0x08001c58   Number         4  tests.o(.text.test_HEXSW)
    __arm_cp.5_1                             0x08001c5c   Number         4  tests.o(.text.test_HEXSW)
    [Anonymous Symbol]                       0x08001c60   Section        0  tests.o(.text.test_POTI)
    __arm_cp.3_0                             0x08001cd8   Number         4  tests.o(.text.test_POTI)
    __arm_cp.3_1                             0x08001cdc   Number         4  tests.o(.text.test_POTI)
    __arm_cp.3_2                             0x08001ce0   Number         4  tests.o(.text.test_POTI)
    [Anonymous Symbol]                       0x08001ce4   Section        0  tests.o(.text.test_PWM)
    __arm_cp.4_0                             0x08001d60   Number         4  tests.o(.text.test_PWM)
    __arm_cp.4_1                             0x08001d64   Number         4  tests.o(.text.test_PWM)
    __arm_cp.4_2                             0x08001d68   Number         4  tests.o(.text.test_PWM)
    __arm_cp.4_3                             0x08001d6c   Number         4  tests.o(.text.test_PWM)
    __arm_cp.4_4                             0x08001d70   Number         4  tests.o(.text.test_PWM)
    __arm_cp.4_5                             0x08001d74   Number         4  tests.o(.text.test_PWM)
    wait                                     0x08001d79   Thumb Code    28  init_ctboard.o(.text.wait)
    [Anonymous Symbol]                       0x08001d78   Section        0  init_ctboard.o(.text.wait)
    [Anonymous Symbol]                       0x08001d94   Section        0  hal_fmc.o(.rodata.str1.1)
    [Anonymous Symbol]                       0x08001e2c   Section        0  hal_rcc.o(.rodata.str1.1)
    test_7SEGMENT.value_hex_left             0x20000000   Data           1  tests.o(.data.test_7SEGMENT.value_hex_left)
    [Anonymous Symbol]                       0x20000000   Section        0  tests.o(.data.test_7SEGMENT.value_hex_left)
    test_7SEGMENT.value_hex_right            0x20000001   Data           1  tests.o(.data.test_7SEGMENT.value_hex_right)
    [Anonymous Symbol]                       0x20000001   Section        0  tests.o(.data.test_7SEGMENT.value_hex_right)
    test_DIPSW_LED.value_led_left            0x20000002   Data           1  tests.o(.data.test_DIPSW_LED.value_led_left)
    [Anonymous Symbol]                       0x20000002   Section        0  tests.o(.data.test_DIPSW_LED.value_led_left)
    test_DIPSW_LED.value_led_right           0x20000003   Data           1  tests.o(.data.test_DIPSW_LED.value_led_right)
    [Anonymous Symbol]                       0x20000003   Section        0  tests.o(.data.test_DIPSW_LED.value_led_right)
    test_PWM.value_pwm                       0x20000004   Data           2  tests.o(.data.test_PWM.value_pwm)
    [Anonymous Symbol]                       0x20000004   Section        0  tests.o(.data.test_PWM.value_pwm)
    task_7SEGMENT                            0x20000008   Data          24  main.o(.bss.task_7SEGMENT)
    [Anonymous Symbol]                       0x20000008   Section        0  main.o(.bss.task_7SEGMENT)
    task_BUTTON                              0x20000020   Data          24  main.o(.bss.task_BUTTON)
    [Anonymous Symbol]                       0x20000020   Section        0  main.o(.bss.task_BUTTON)
    task_DIPSW_LED                           0x20000038   Data          24  main.o(.bss.task_DIPSW_LED)
    [Anonymous Symbol]                       0x20000038   Section        0  main.o(.bss.task_DIPSW_LED)
    task_DIRECT_GPIO                         0x20000050   Data          24  main.o(.bss.task_DIRECT_GPIO)
    [Anonymous Symbol]                       0x20000050   Section        0  main.o(.bss.task_DIRECT_GPIO)
    task_GPIO                                0x20000068   Data          24  main.o(.bss.task_GPIO)
    [Anonymous Symbol]                       0x20000068   Section        0  main.o(.bss.task_GPIO)
    task_HEXSW                               0x20000080   Data          24  main.o(.bss.task_HEXSW)
    [Anonymous Symbol]                       0x20000080   Section        0  main.o(.bss.task_HEXSW)
    task_POTI                                0x20000098   Data          24  main.o(.bss.task_POTI)
    [Anonymous Symbol]                       0x20000098   Section        0  main.o(.bss.task_POTI)
    task_PWM                                 0x200000b0   Data          24  main.o(.bss.task_PWM)
    [Anonymous Symbol]                       0x200000b0   Section        0  main.o(.bss.task_PWM)
    task_temp                                0x200000c8   Data           4  scheduler.o(.bss.task_temp)
    [Anonymous Symbol]                       0x200000c8   Section        0  scheduler.o(.bss.task_temp)
    test_PWM.pwm_state                       0x200000cc   Data           1  tests.o(.bss.test_PWM.pwm_state)
    [Anonymous Symbol]                       0x200000cc   Section        0  tests.o(.bss.test_PWM.pwm_state)
    tick_count                               0x200000d0   Data           4  scheduler.o(.bss.tick_count)
    [Anonymous Symbol]                       0x200000d0   Section        0  scheduler.o(.bss.tick_count)
    STACK                                    0x200000d8   Section     8192  startup_ctboard.o(STACK)
    __initial_sp                             0x200020d8   Data           0  startup_ctboard.o(STACK)

    Global Symbols

    Symbol Name                              Value     Ov Type        Size  Object(Section)

    BuildAttributes$$THM_ISAv3M$S$PE$A:L22$X:L11$S22$IEEE1$IW$~IW$USESV6$~STKCKD$USESV7$~SHL$OSPACE$ROPI$EBA8$UX$STANDARDLIB$REQ8$PRES8$EABIv2 0x00000000   Number         0  anon$$obj.o ABSOLUTE
    __ARM_exceptions_init                     - Undefined Weak Reference
    __alloca_initialize                       - Undefined Weak Reference
    __arm_preinit_                            - Undefined Weak Reference
    __arm_relocate_pie_                       - Undefined Weak Reference
    __cpp_initialize__aeabi_                  - Undefined Weak Reference
    __cxa_finalize                            - Undefined Weak Reference
    __rt_locale                               - Undefined Weak Reference
    __sigvec_lookup                           - Undefined Weak Reference
    _atexit_init                              - Undefined Weak Reference
    _call_atexit_fns                          - Undefined Weak Reference
    _clock_init                               - Undefined Weak Reference
    _fp_trap_init                             - Undefined Weak Reference
    _fp_trap_shutdown                         - Undefined Weak Reference
    _get_lc_collate                           - Undefined Weak Reference
    _get_lc_ctype                             - Undefined Weak Reference
    _get_lc_monetary                          - Undefined Weak Reference
    _get_lc_numeric                           - Undefined Weak Reference
    _get_lc_time                              - Undefined Weak Reference
    _getenv_init                              - Undefined Weak Reference
    _handle_redirection                       - Undefined Weak Reference
    _init_alloc                               - Undefined Weak Reference
    _init_user_alloc                          - Undefined Weak Reference
    _initio                                   - Undefined Weak Reference
    _rand_init                                - Undefined Weak Reference
    _signal_finish                            - Undefined Weak Reference
    _signal_init                              - Undefined Weak Reference
    _terminate_alloc                          - Undefined Weak Reference
    _terminate_user_alloc                     - Undefined Weak Reference
    _terminateio                              - Undefined Weak Reference
    __Vectors_Size                           0x000001ac   Number         0  startup_ctboard.o ABSOLUTE
    Stack_Size                               0x00002000   Number         0  startup_ctboard.o ABSOLUTE
    __Vectors                                0x08000000   Data           4  startup_ctboard.o(RESET)
    __Vectors_End                            0x080001ac   Data           0  startup_ctboard.o(RESET)
    __scatterload                            0x080001ad   Thumb Code     0  __scatter.o(!!!scatter)
    __scatterload_rt2                        0x080001ad   Thumb Code    52  __scatter.o(!!!scatter)
    __scatterload_rt2_thumb_only             0x080001ad   Thumb Code     0  __scatter.o(!!!scatter)
    __scatterload_null                       0x080001bd   Thumb Code     0  __scatter.o(!!!scatter)
    __scatterload_copy                       0x080001e9   Thumb Code    26  __scatter_copy.o(!!handler_copy)
    __scatterload_zeroinit                   0x08000205   Thumb Code    28  __scatter_zi.o(!!handler_zi)
    __rt_lib_init                            0x08000221   Thumb Code     0  libinit.o(.ARM.Collect$$libinit$$00000000)
    __rt_lib_init_alloca_1                   0x08000223   Thumb Code     0  libinit2.o(.ARM.Collect$$libinit$$00000030)
    __rt_lib_init_argv_1                     0x08000223   Thumb Code     0  libinit2.o(.ARM.Collect$$libinit$$0000002E)
    __rt_lib_init_atexit_1                   0x08000223   Thumb Code     0  libinit2.o(.ARM.Collect$$libinit$$0000001D)
    __rt_lib_init_clock_1                    0x08000223   Thumb Code     0  libinit2.o(.ARM.Collect$$libinit$$00000023)
    __rt_lib_init_cpp_1                      0x08000223   Thumb Code     0  libinit2.o(.ARM.Collect$$libinit$$00000034)
    __rt_lib_init_exceptions_1               0x08000223   Thumb Code     0  libinit2.o(.ARM.Collect$$libinit$$00000032)
    __rt_lib_init_fp_1                       0x08000223   Thumb Code     0  libinit2.o(.ARM.Collect$$libinit$$00000002)
    __rt_lib_init_fp_trap_1                  0x08000223   Thumb Code     0  libinit2.o(.ARM.Collect$$libinit$$00000021)
    __rt_lib_init_getenv_1                   0x08000223   Thumb Code     0  libinit2.o(.ARM.Collect$$libinit$$00000025)
    __rt_lib_init_heap_1                     0x08000223   Thumb Code     0  libinit2.o(.ARM.Collect$$libinit$$0000000C)
    __rt_lib_init_lc_collate_1               0x08000223   Thumb Code     0  libinit2.o(.ARM.Collect$$libinit$$00000013)
    __rt_lib_init_lc_ctype_1                 0x08000223   Thumb Code     0  libinit2.o(.ARM.Collect$$libinit$$00000015)
    __rt_lib_init_lc_monetary_1              0x08000223   Thumb Code     0  libinit2.o(.ARM.Collect$$libinit$$00000017)
    __rt_lib_init_lc_numeric_1               0x08000223   Thumb Code     0  libinit2.o(.ARM.Collect$$libinit$$00000019)
    __rt_lib_init_lc_time_1                  0x08000223   Thumb Code     0  libinit2.o(.ARM.Collect$$libinit$$0000001B)
    __rt_lib_init_preinit_1                  0x08000223   Thumb Code     0  libinit2.o(.ARM.Collect$$libinit$$00000006)
    __rt_lib_init_rand_1                     0x08000223   Thumb Code     0  libinit2.o(.ARM.Collect$$libinit$$00000010)
    __rt_lib_init_relocate_pie_1             0x08000223   Thumb Code     0  libinit2.o(.ARM.Collect$$libinit$$00000004)
    __rt_lib_init_return                     0x08000223   Thumb Code     0  libinit2.o(.ARM.Collect$$libinit$$00000035)
    __rt_lib_init_signal_1                   0x08000223   Thumb Code     0  libinit2.o(.ARM.Collect$$libinit$$0000001F)
    __rt_lib_init_stdio_1                    0x08000223   Thumb Code     0  libinit2.o(.ARM.Collect$$libinit$$00000027)
    __rt_lib_init_user_alloc_1               0x08000223   Thumb Code     0  libinit2.o(.ARM.Collect$$libinit$$0000000E)
    __rt_lib_shutdown                        0x08000225   Thumb Code     0  libshutdown.o(.ARM.Collect$$libshutdown$$00000000)
    __rt_lib_shutdown_cpp_1                  0x08000227   Thumb Code     0  libshutdown2.o(.ARM.Collect$$libshutdown$$00000002)
    __rt_lib_shutdown_fp_trap_1              0x08000227   Thumb Code     0  libshutdown2.o(.ARM.Collect$$libshutdown$$00000007)
    __rt_lib_shutdown_heap_1                 0x08000227   Thumb Code     0  libshutdown2.o(.ARM.Collect$$libshutdown$$0000000F)
    __rt_lib_shutdown_return                 0x08000227   Thumb Code     0  libshutdown2.o(.ARM.Collect$$libshutdown$$00000010)
    __rt_lib_shutdown_signal_1               0x08000227   Thumb Code     0  libshutdown2.o(.ARM.Collect$$libshutdown$$0000000A)
    __rt_lib_shutdown_stdio_1                0x08000227   Thumb Code     0  libshutdown2.o(.ARM.Collect$$libshutdown$$00000004)
    __rt_lib_shutdown_user_alloc_1           0x08000227   Thumb Code     0  libshutdown2.o(.ARM.Collect$$libshutdown$$0000000C)
    __rt_entry                               0x08000229   Thumb Code     0  __rtentry.o(.ARM.Collect$$rtentry$$00000000)
    __rt_entry_presh_1                       0x08000229   Thumb Code     0  __rtentry2.o(.ARM.Collect$$rtentry$$00000002)
    __rt_entry_sh                            0x08000229   Thumb Code     0  __rtentry4.o(.ARM.Collect$$rtentry$$00000004)
    __rt_entry_li                            0x0800022f   Thumb Code     0  __rtentry2.o(.ARM.Collect$$rtentry$$0000000A)
    __rt_entry_postsh_1                      0x0800022f   Thumb Code     0  __rtentry2.o(.ARM.Collect$$rtentry$$00000009)
    __rt_entry_main                          0x08000233   Thumb Code     0  __rtentry2.o(.ARM.Collect$$rtentry$$0000000D)
    __rt_entry_postli_1                      0x08000233   Thumb Code     0  __rtentry2.o(.ARM.Collect$$rtentry$$0000000C)
    __rt_exit                                0x0800023b   Thumb Code     0  rtexit.o(.ARM.Collect$$rtexit$$00000000)
    __rt_exit_ls                             0x0800023d   Thumb Code     0  rtexit2.o(.ARM.Collect$$rtexit$$00000003)
    __rt_exit_prels_1                        0x0800023d   Thumb Code     0  rtexit2.o(.ARM.Collect$$rtexit$$00000002)
    __rt_exit_exit                           0x08000241   Thumb Code     0  rtexit2.o(.ARM.Collect$$rtexit$$00000004)
    __main                                   0x08000249   Thumb Code     8  datainit_ctboard.o(.text)
    __user_setup_stackheap                   0x08000251   Thumb Code    16  datainit_ctboard.o(.text)
    Reset_Handler                            0x08000271   Thumb Code     8  startup_ctboard.o(.text)
    NMI_Handler                              0x08000279   Thumb Code     2  startup_ctboard.o(.text)
    HardFault_Handler                        0x0800027b   Thumb Code     2  startup_ctboard.o(.text)
    MemManage_Handler                        0x0800027d   Thumb Code     2  startup_ctboard.o(.text)
    BusFault_Handler                         0x0800027f   Thumb Code     2  startup_ctboard.o(.text)
    UsageFault_Handler                       0x08000281   Thumb Code     2  startup_ctboard.o(.text)
    SVC_Handler                              0x08000283   Thumb Code     2  startup_ctboard.o(.text)
    DebugMon_Handler                         0x08000285   Thumb Code     2  startup_ctboard.o(.text)
    PendSV_Handler                           0x08000287   Thumb Code     2  startup_ctboard.o(.text)
    ADC_IRQHandler                           0x0800028b   Thumb Code     0  startup_ctboard.o(.text)
    CAN1_RX0_IRQHandler                      0x0800028b   Thumb Code     0  startup_ctboard.o(.text)
    CAN1_RX1_IRQHandler                      0x0800028b   Thumb Code     0  startup_ctboard.o(.text)
    CAN1_SCE_IRQHandler                      0x0800028b   Thumb Code     0  startup_ctboard.o(.text)
    CAN1_TX_IRQHandler                       0x0800028b   Thumb Code     0  startup_ctboard.o(.text)
    CAN2_RX0_IRQHandler                      0x0800028b   Thumb Code     0  startup_ctboard.o(.text)
    CAN2_RX1_IRQHandler                      0x0800028b   Thumb Code     0  startup_ctboard.o(.text)
    CAN2_SCE_IRQHandler                      0x0800028b   Thumb Code     0  startup_ctboard.o(.text)
    CAN2_TX_IRQHandler                       0x0800028b   Thumb Code     0  startup_ctboard.o(.text)
    CRYP_IRQHandler                          0x0800028b   Thumb Code     0  startup_ctboard.o(.text)
    DCMI_IRQHandler                          0x0800028b   Thumb Code     0  startup_ctboard.o(.text)
    DMA1_Stream0_IRQHandler                  0x0800028b   Thumb Code     0  startup_ctboard.o(.text)
    DMA1_Stream1_IRQHandler                  0x0800028b   Thumb Code     0  startup_ctboard.o(.text)
    DMA1_Stream2_IRQHandler                  0x0800028b   Thumb Code     0  startup_ctboard.o(.text)
    DMA1_Stream3_IRQHandler                  0x0800028b   Thumb Code     0  startup_ctboard.o(.text)
    DMA1_Stream4_IRQHandler                  0x0800028b   Thumb Code     0  startup_ctboard.o(.text)
    DMA1_Stream5_IRQHandler                  0x0800028b   Thumb Code     0  startup_ctboard.o(.text)
    DMA1_Stream6_IRQHandler                  0x0800028b   Thumb Code     0  startup_ctboard.o(.text)
    DMA1_Stream7_IRQHandler                  0x0800028b   Thumb Code     0  startup_ctboard.o(.text)
    DMA2D_IRQHandler                         0x0800028b   Thumb Code     0  startup_ctboard.o(.text)
    DMA2_Stream0_IRQHandler                  0x0800028b   Thumb Code     0  startup_ctboard.o(.text)
    DMA2_Stream1_IRQHandler                  0x0800028b   Thumb Code     0  startup_ctboard.o(.text)
    DMA2_Stream2_IRQHandler                  0x0800028b   Thumb Code     0  startup_ctboard.o(.text)
    DMA2_Stream3_IRQHandler                  0x0800028b   Thumb Code     0  startup_ctboard.o(.text)
    DMA2_Stream4_IRQHandler                  0x0800028b   Thumb Code     0  startup_ctboard.o(.text)
    DMA2_Stream5_IRQHandler                  0x0800028b   Thumb Code     0  startup_ctboard.o(.text)
    DMA2_Stream6_IRQHandler                  0x0800028b   Thumb Code     0  startup_ctboard.o(.text)
    DMA2_Stream7_IRQHandler                  0x0800028b   Thumb Code     0  startup_ctboard.o(.text)
    ETH_IRQHandler                           0x0800028b   Thumb Code     0  startup_ctboard.o(.text)
    ETH_WKUP_IRQHandler                      0x0800028b   Thumb Code     0  startup_ctboard.o(.text)
    EXTI0_IRQHandler                         0x0800028b   Thumb Code     0  startup_ctboard.o(.text)
    EXTI15_10_IRQHandler                     0x0800028b   Thumb Code     0  startup_ctboard.o(.text)
    EXTI1_IRQHandler                         0x0800028b   Thumb Code     0  startup_ctboard.o(.text)
    EXTI2_IRQHandler                         0x0800028b   Thumb Code     0  startup_ctboard.o(.text)
    EXTI3_IRQHandler                         0x0800028b   Thumb Code     0  startup_ctboard.o(.text)
    EXTI4_IRQHandler                         0x0800028b   Thumb Code     0  startup_ctboard.o(.text)
    EXTI9_5_IRQHandler                       0x0800028b   Thumb Code     0  startup_ctboard.o(.text)
    FLASH_IRQHandler                         0x0800028b   Thumb Code     0  startup_ctboard.o(.text)
    FMC_IRQHandler                           0x0800028b   Thumb Code     0  startup_ctboard.o(.text)
    FPU_IRQHandler                           0x0800028b   Thumb Code     0  startup_ctboard.o(.text)
    HASH_RNG_IRQHandler                      0x0800028b   Thumb Code     0  startup_ctboard.o(.text)
    I2C1_ER_IRQHandler                       0x0800028b   Thumb Code     0  startup_ctboard.o(.text)
    I2C1_EV_IRQHandler                       0x0800028b   Thumb Code     0  startup_ctboard.o(.text)
    I2C2_ER_IRQHandler                       0x0800028b   Thumb Code     0  startup_ctboard.o(.text)
    I2C2_EV_IRQHandler                       0x0800028b   Thumb Code     0  startup_ctboard.o(.text)
    I2C3_ER_IRQHandler                       0x0800028b   Thumb Code     0  startup_ctboard.o(.text)
    I2C3_EV_IRQHandler                       0x0800028b   Thumb Code     0  startup_ctboard.o(.text)
    LTDC_ER_IRQHandler                       0x0800028b   Thumb Code     0  startup_ctboard.o(.text)
    LTDC_IRQHandler                          0x0800028b   Thumb Code     0  startup_ctboard.o(.text)
    OTG_FS_IRQHandler                        0x0800028b   Thumb Code     0  startup_ctboard.o(.text)
    OTG_FS_WKUP_IRQHandler                   0x0800028b   Thumb Code     0  startup_ctboard.o(.text)
    OTG_HS_EP1_IN_IRQHandler                 0x0800028b   Thumb Code     0  startup_ctboard.o(.text)
    OTG_HS_EP1_OUT_IRQHandler                0x0800028b   Thumb Code     0  startup_ctboard.o(.text)
    OTG_HS_IRQHandler                        0x0800028b   Thumb Code     0  startup_ctboard.o(.text)
    OTG_HS_WKUP_IRQHandler                   0x0800028b   Thumb Code     0  startup_ctboard.o(.text)
    PVD_IRQHandler                           0x0800028b   Thumb Code     0  startup_ctboard.o(.text)
    RCC_IRQHandler                           0x0800028b   Thumb Code     0  startup_ctboard.o(.text)
    RTC_Alarm_IRQHandler                     0x0800028b   Thumb Code     0  startup_ctboard.o(.text)
    RTC_WKUP_IRQHandler                      0x0800028b   Thumb Code     0  startup_ctboard.o(.text)
    SAI1_IRQHandler                          0x0800028b   Thumb Code     0  startup_ctboard.o(.text)
    SDIO_IRQHandler                          0x0800028b   Thumb Code     0  startup_ctboard.o(.text)
    SPI1_IRQHandler                          0x0800028b   Thumb Code     0  startup_ctboard.o(.text)
    SPI2_IRQHandler                          0x0800028b   Thumb Code     0  startup_ctboard.o(.text)
    SPI3_IRQHandler                          0x0800028b   Thumb Code     0  startup_ctboard.o(.text)
    SPI4_IRQHandler                          0x0800028b   Thumb Code     0  startup_ctboard.o(.text)
    SPI5_IRQHandler                          0x0800028b   Thumb Code     0  startup_ctboard.o(.text)
    SPI6_IRQHandler                          0x0800028b   Thumb Code     0  startup_ctboard.o(.text)
    TAMP_STAMP_IRQHandler                    0x0800028b   Thumb Code     0  startup_ctboard.o(.text)
    TIM1_BRK_TIM9_IRQHandler                 0x0800028b   Thumb Code     0  startup_ctboard.o(.text)
    TIM1_CC_IRQHandler                       0x0800028b   Thumb Code     0  startup_ctboard.o(.text)
    TIM1_TRG_COM_TIM11_IRQHandler            0x0800028b   Thumb Code     0  startup_ctboard.o(.text)
    TIM1_UP_TIM10_IRQHandler                 0x0800028b   Thumb Code     0  startup_ctboard.o(.text)
    TIM2_IRQHandler                          0x0800028b   Thumb Code     0  startup_ctboard.o(.text)
    TIM3_IRQHandler                          0x0800028b   Thumb Code     0  startup_ctboard.o(.text)
    TIM4_IRQHandler                          0x0800028b   Thumb Code     0  startup_ctboard.o(.text)
    TIM5_IRQHandler                          0x0800028b   Thumb Code     0  startup_ctboard.o(.text)
    TIM6_DAC_IRQHandler                      0x0800028b   Thumb Code     0  startup_ctboard.o(.text)
    TIM7_IRQHandler                          0x0800028b   Thumb Code     0  startup_ctboard.o(.text)
    TIM8_BRK_TIM12_IRQHandler                0x0800028b   Thumb Code     0  startup_ctboard.o(.text)
    TIM8_CC_IRQHandler                       0x0800028b   Thumb Code     0  startup_ctboard.o(.text)
    TIM8_TRG_COM_TIM14_IRQHandler            0x0800028b   Thumb Code     0  startup_ctboard.o(.text)
    TIM8_UP_TIM13_IRQHandler                 0x0800028b   Thumb Code     0  startup_ctboard.o(.text)
    UART4_IRQHandler                         0x0800028b   Thumb Code     0  startup_ctboard.o(.text)
    UART5_IRQHandler                         0x0800028b   Thumb Code     0  startup_ctboard.o(.text)
    UART7_IRQHandler                         0x0800028b   Thumb Code     0  startup_ctboard.o(.text)
    UART8_IRQHandler                         0x0800028b   Thumb Code     0  startup_ctboard.o(.text)
    USART1_IRQHandler                        0x0800028b   Thumb Code     0  startup_ctboard.o(.text)
    USART2_IRQHandler                        0x0800028b   Thumb Code     0  startup_ctboard.o(.text)
    USART3_IRQHandler                        0x0800028b   Thumb Code     0  startup_ctboard.o(.text)
    USART6_IRQHandler                        0x0800028b   Thumb Code     0  startup_ctboard.o(.text)
    WWDG_IRQHandler                          0x0800028b   Thumb Code     0  startup_ctboard.o(.text)
    __use_no_semihosting                     0x08000295   Thumb Code     2  use_no_semi_2.o(.text)
    __aeabi_assert                           0x08000299   Thumb Code    82  assert.o(.text)
    __assert                                 0x08000299   Thumb Code     0  assert.o(.text)
    __aeabi_uidiv                            0x08000315   Thumb Code     0  aeabi_sdiv.o(.text)
    __aeabi_uidivmod                         0x08000315   Thumb Code    20  aeabi_sdiv.o(.text)
    __aeabi_idiv                             0x08000329   Thumb Code     0  aeabi_sdiv.o(.text)
    __aeabi_idivmod                          0x08000329   Thumb Code   338  aeabi_sdiv.o(.text)
    __semihosting$guard                      0x08000481   Thumb Code     0  use_no_semi.o(.text)
    __use_no_semihosting_swi                 0x08000481   Thumb Code     2  use_no_semi.o(.text)
    abort                                    0x08000483   Thumb Code    20  abort.o(.text)
    __assert_puts                            0x08000497   Thumb Code    20  assert_puts.o(.text)
    __rt_SIGABRT                             0x080004ab   Thumb Code    12  defsig_abrt_outer.o(.text)
    exit                                     0x080004b7   Thumb Code    16  exit.o(.text)
    __sig_exit                               0x080004c7   Thumb Code    12  defsig_exit.o(.text)
    __rt_SIGABRT_inner                       0x080004d5   Thumb Code    14  defsig_abrt_inner.o(.text)
    __default_signal_display                 0x08000505   Thumb Code    52  defsig_general.o(.text)
    SysTick_Handler                          0x08000539   Thumb Code    16  scheduler.o(.text.SysTick_Handler)
    __system                                 0x0800054d   Thumb Code     8  system_ctboard.o(.text.__system)
    _sys_exit                                0x08000555   Thumb Code     8  system_ctboard.o(.text._sys_exit)
    _ttywrch                                 0x0800055d   Thumb Code     8  system_ctboard.o(.text._ttywrch)
    hal_adc_start                            0x08000601   Thumb Code    20  hal_adc.o(.text.hal_adc_start)
    hal_fmc_init_sram                        0x08000615   Thumb Code   676  hal_fmc.o(.text.hal_fmc_init_sram)
    hal_gpio_init_alternate                  0x080008dd   Thumb Code   194  hal_gpio.o(.text.hal_gpio_init_alternate)
    hal_gpio_init_input                      0x0800099f   Thumb Code   126  hal_gpio.o(.text.hal_gpio_init_input)
    hal_gpio_init_output                     0x08000a1d   Thumb Code   208  hal_gpio.o(.text.hal_gpio_init_output)
    hal_gpio_input_read                      0x08000aed   Thumb Code    14  hal_gpio.o(.text.hal_gpio_input_read)
    hal_gpio_output_write                    0x08000afb   Thumb Code    42  hal_gpio.o(.text.hal_gpio_output_write)
    hal_pwr_set_overdrive                    0x08000b25   Thumb Code    14  hal_pwr.o(.text.hal_pwr_set_overdrive)
    hal_rcc_reset                            0x08000b35   Thumb Code   148  hal_rcc.o(.text.hal_rcc_reset)
    hal_rcc_set_osc                          0x08000c3d   Thumb Code   268  hal_rcc.o(.text.hal_rcc_set_osc)
    hal_rcc_setup_clock                      0x08000d55   Thumb Code   404  hal_rcc.o(.text.hal_rcc_setup_clock)
    hal_rcc_setup_pll                        0x08000ef5   Thumb Code   580  hal_rcc.o(.text.hal_rcc_setup_pll)
    hal_systick_init                         0x08001159   Thumb Code    80  hal_systick.o(.text.hal_systick_init)
    hal_systick_pause                        0x080011b9   Thumb Code    12  hal_systick.o(.text.hal_systick_pause)
    hal_systick_resume                       0x080011c5   Thumb Code    12  hal_systick.o(.text.hal_systick_resume)
    init_CT_BOARD                            0x0800123d   Thumb Code    28  init_ctboard.o(.text.init_CT_BOARD)
    main                                     0x08001759   Thumb Code   104  main.o(.text.main)
    scheduler_init                           0x08001879   Thumb Code    20  scheduler.o(.text.scheduler_init)
    scheduler_register_task                  0x08001891   Thumb Code    56  scheduler.o(.text.scheduler_register_task)
    system_enter_run                         0x0800194d   Thumb Code    20  system_ctboard.o(.text.system_enter_run)
    test_7SEGMENT                            0x08001961   Thumb Code   108  tests.o(.text.test_7SEGMENT)
    test_BUTTON                              0x080019d5   Thumb Code   100  tests.o(.text.test_BUTTON)
    test_DIPSW_LED                           0x08001a49   Thumb Code   108  tests.o(.text.test_DIPSW_LED)
    test_DIRECT_GPIO                         0x08001acd   Thumb Code    56  tests.o(.text.test_DIRECT_GPIO)
    test_GPIO                                0x08001b19   Thumb Code   264  tests.o(.text.test_GPIO)
    test_HEXSW                               0x08001c41   Thumb Code    24  tests.o(.text.test_HEXSW)
    test_POTI                                0x08001c61   Thumb Code   120  tests.o(.text.test_POTI)
    test_PWM                                 0x08001ce5   Thumb Code   124  tests.o(.text.test_PWM)
    Region$$Table$$Base                      0x08001f74   Number         0  anon$$obj.o(Region$$Table)
    Region$$Table$$Limit                     0x08001f94   Number         0  anon$$obj.o(Region$$Table)
    Stack_Mem                                0x200000d8   Data        8192  startup_ctboard.o(STACK)



==============================================================================

Memory Map of the image

  Image Entry point : 0x08000271

  Load Region LR_1 (Base: 0x08000000, Size: 0x00001f9c, Max: 0xffffffff, ABSOLUTE)

    Execution Region ER_RO (Exec base: 0x08000000, Load base: 0x08000000, Size: 0x00001f94, Max: 0xffffffff, ABSOLUTE)

    Exec Addr    Load Addr    Size         Type   Attr      Idx    E Section Name        Object

    0x08000000   0x08000000   0x000001ac   Data   RO          101    RESET               startup_ctboard.o
    0x080001ac   0x080001ac   0x0000003c   Code   RO          273    !!!scatter          c_p.l(__scatter.o)
    0x080001e8   0x080001e8   0x0000001a   Code   RO          438    !!handler_copy      c_p.l(__scatter_copy.o)
    0x08000202   0x08000202   0x00000002   PAD
    0x08000204   0x08000204   0x0000001c   Code   RO          440    !!handler_zi        c_p.l(__scatter_zi.o)
    0x08000220   0x08000220   0x00000002   Code   RO          324    .ARM.Collect$$libinit$$00000000  c_p.l(libinit.o)
    0x08000222   0x08000222   0x00000000   Code   RO          334    .ARM.Collect$$libinit$$00000002  c_p.l(libinit2.o)
    0x08000222   0x08000222   0x00000000   Code   RO          336    .ARM.Collect$$libinit$$00000004  c_p.l(libinit2.o)
    0x08000222   0x08000222   0x00000000   Code   RO          338    .ARM.Collect$$libinit$$00000006  c_p.l(libinit2.o)
    0x08000222   0x08000222   0x00000000   Code   RO          341    .ARM.Collect$$libinit$$0000000C  c_p.l(libinit2.o)
    0x08000222   0x08000222   0x00000000   Code   RO          343    .ARM.Collect$$libinit$$0000000E  c_p.l(libinit2.o)
    0x08000222   0x08000222   0x00000000   Code   RO          345    .ARM.Collect$$libinit$$00000010  c_p.l(libinit2.o)
    0x08000222   0x08000222   0x00000000   Code   RO          348    .ARM.Collect$$libinit$$00000013  c_p.l(libinit2.o)
    0x08000222   0x08000222   0x00000000   Code   RO          350    .ARM.Collect$$libinit$$00000015  c_p.l(libinit2.o)
    0x08000222   0x08000222   0x00000000   Code   RO          352    .ARM.Collect$$libinit$$00000017  c_p.l(libinit2.o)
    0x08000222   0x08000222   0x00000000   Code   RO          354    .ARM.Collect$$libinit$$00000019  c_p.l(libinit2.o)
    0x08000222   0x08000222   0x00000000   Code   RO          356    .ARM.Collect$$libinit$$0000001B  c_p.l(libinit2.o)
    0x08000222   0x08000222   0x00000000   Code   RO          358    .ARM.Collect$$libinit$$0000001D  c_p.l(libinit2.o)
    0x08000222   0x08000222   0x00000000   Code   RO          360    .ARM.Collect$$libinit$$0000001F  c_p.l(libinit2.o)
    0x08000222   0x08000222   0x00000000   Code   RO          362    .ARM.Collect$$libinit$$00000021  c_p.l(libinit2.o)
    0x08000222   0x08000222   0x00000000   Code   RO          364    .ARM.Collect$$libinit$$00000023  c_p.l(libinit2.o)
    0x08000222   0x08000222   0x00000000   Code   RO          366    .ARM.Collect$$libinit$$00000025  c_p.l(libinit2.o)
    0x08000222   0x08000222   0x00000000   Code   RO          368    .ARM.Collect$$libinit$$00000027  c_p.l(libinit2.o)
    0x08000222   0x08000222   0x00000000   Code   RO          372    .ARM.Collect$$libinit$$0000002E  c_p.l(libinit2.o)
    0x08000222   0x08000222   0x00000000   Code   RO          374    .ARM.Collect$$libinit$$00000030  c_p.l(libinit2.o)
    0x08000222   0x08000222   0x00000000   Code   RO          376    .ARM.Collect$$libinit$$00000032  c_p.l(libinit2.o)
    0x08000222   0x08000222   0x00000000   Code   RO          378    .ARM.Collect$$libinit$$00000034  c_p.l(libinit2.o)
    0x08000222   0x08000222   0x00000002   Code   RO          379    .ARM.Collect$$libinit$$00000035  c_p.l(libinit2.o)
    0x08000224   0x08000224   0x00000002   Code   RO          413    .ARM.Collect$$libshutdown$$00000000  c_p.l(libshutdown.o)
    0x08000226   0x08000226   0x00000000   Code   RO          421    .ARM.Collect$$libshutdown$$00000002  c_p.l(libshutdown2.o)
    0x08000226   0x08000226   0x00000000   Code   RO          423    .ARM.Collect$$libshutdown$$00000004  c_p.l(libshutdown2.o)
    0x08000226   0x08000226   0x00000000   Code   RO          426    .ARM.Collect$$libshutdown$$00000007  c_p.l(libshutdown2.o)
    0x08000226   0x08000226   0x00000000   Code   RO          429    .ARM.Collect$$libshutdown$$0000000A  c_p.l(libshutdown2.o)
    0x08000226   0x08000226   0x00000000   Code   RO          431    .ARM.Collect$$libshutdown$$0000000C  c_p.l(libshutdown2.o)
    0x08000226   0x08000226   0x00000000   Code   RO          434    .ARM.Collect$$libshutdown$$0000000F  c_p.l(libshutdown2.o)
    0x08000226   0x08000226   0x00000002   Code   RO          435    .ARM.Collect$$libshutdown$$00000010  c_p.l(libshutdown2.o)
    0x08000228   0x08000228   0x00000000   Code   RO          277    .ARM.Collect$$rtentry$$00000000  c_p.l(__rtentry.o)
    0x08000228   0x08000228   0x00000000   Code   RO          287    .ARM.Collect$$rtentry$$00000002  c_p.l(__rtentry2.o)
    0x08000228   0x08000228   0x00000006   Code   RO          299    .ARM.Collect$$rtentry$$00000004  c_p.l(__rtentry4.o)
    0x0800022e   0x0800022e   0x00000000   Code   RO          289    .ARM.Collect$$rtentry$$00000009  c_p.l(__rtentry2.o)
    0x0800022e   0x0800022e   0x00000004   Code   RO          290    .ARM.Collect$$rtentry$$0000000A  c_p.l(__rtentry2.o)
    0x08000232   0x08000232   0x00000000   Code   RO          292    .ARM.Collect$$rtentry$$0000000C  c_p.l(__rtentry2.o)
    0x08000232   0x08000232   0x00000008   Code   RO          293    .ARM.Collect$$rtentry$$0000000D  c_p.l(__rtentry2.o)
    0x0800023a   0x0800023a   0x00000002   Code   RO          325    .ARM.Collect$$rtexit$$00000000  c_p.l(rtexit.o)
    0x0800023c   0x0800023c   0x00000000   Code   RO          381    .ARM.Collect$$rtexit$$00000002  c_p.l(rtexit2.o)
    0x0800023c   0x0800023c   0x00000004   Code   RO          382    .ARM.Collect$$rtexit$$00000003  c_p.l(rtexit2.o)
    0x08000240   0x08000240   0x00000006   Code   RO          383    .ARM.Collect$$rtexit$$00000004  c_p.l(rtexit2.o)
    0x08000246   0x08000246   0x00000002   PAD
    0x08000248   0x08000248   0x00000028   Code   RO           93    .text               datainit_ctboard.o
    0x08000270   0x08000270   0x00000024   Code   RO          102  * .text               startup_ctboard.o
    0x08000294   0x08000294   0x00000002   Code   RO          265    .text               c_p.l(use_no_semi_2.o)
    0x08000296   0x08000296   0x00000002   PAD
    0x08000298   0x08000298   0x0000007c   Code   RO          267    .text               c_p.l(assert.o)
    0x08000314   0x08000314   0x0000016c   Code   RO          269    .text               c_p.l(aeabi_sdiv.o)
    0x08000480   0x08000480   0x00000002   Code   RO          275    .text               c_p.l(use_no_semi.o)
    0x08000482   0x08000482   0x00000014   Code   RO          282    .text               c_p.l(abort.o)
    0x08000496   0x08000496   0x00000014   Code   RO          284    .text               c_p.l(assert_puts.o)
    0x080004aa   0x080004aa   0x0000000c   Code   RO          303    .text               c_p.l(defsig_abrt_outer.o)
    0x080004b6   0x080004b6   0x00000010   Code   RO          309    .text               c_p.l(exit.o)
    0x080004c6   0x080004c6   0x0000000c   Code   RO          311    .text               c_p.l(defsig_exit.o)
    0x080004d2   0x080004d2   0x00000002   PAD
    0x080004d4   0x080004d4   0x00000030   Code   RO          313    .text               c_p.l(defsig_abrt_inner.o)
    0x08000504   0x08000504   0x00000034   Code   RO          329    .text               c_p.l(defsig_general.o)
    0x08000538   0x08000538   0x00000014   Code   RO           48    .text.SysTick_Handler  scheduler.o
    0x0800054c   0x0800054c   0x00000008   Code   RO          107    .text.__system      system_ctboard.o
    0x08000554   0x08000554   0x00000008   Code   RO          129    .text._sys_exit     system_ctboard.o
    0x0800055c   0x0800055c   0x00000008   Code   RO          127    .text._ttywrch      system_ctboard.o
    0x08000564   0x08000564   0x0000009c   Code   RO          175    .text.create_pattern_mask  hal_gpio.o
    0x08000600   0x08000600   0x00000014   Code   RO          144    .text.hal_adc_start  hal_adc.o
    0x08000614   0x08000614   0x000002c8   Code   RO          159    .text.hal_fmc_init_sram  hal_fmc.o
    0x080008dc   0x080008dc   0x000000c2   Code   RO          181    .text.hal_gpio_init_alternate  hal_gpio.o
    0x0800099e   0x0800099e   0x0000007e   Code   RO          171    .text.hal_gpio_init_input  hal_gpio.o
    0x08000a1c   0x08000a1c   0x000000d0   Code   RO          179    .text.hal_gpio_init_output  hal_gpio.o
    0x08000aec   0x08000aec   0x0000000e   Code   RO          183    .text.hal_gpio_input_read  hal_gpio.o
    0x08000afa   0x08000afa   0x0000002a   Code   RO          187    .text.hal_gpio_output_write  hal_gpio.o
    0x08000b24   0x08000b24   0x0000000e   Code   RO          220    .text.hal_pwr_set_overdrive  hal_pwr.o
    0x08000b32   0x08000b32   0x00000002   PAD
    0x08000b34   0x08000b34   0x00000108   Code   RO          231    .text.hal_rcc_reset  hal_rcc.o
    0x08000c3c   0x08000c3c   0x00000118   Code   RO          235    .text.hal_rcc_set_osc  hal_rcc.o
    0x08000d54   0x08000d54   0x000001a0   Code   RO          239    .text.hal_rcc_setup_clock  hal_rcc.o
    0x08000ef4   0x08000ef4   0x00000264   Code   RO          237    .text.hal_rcc_setup_pll  hal_rcc.o
    0x08001158   0x08001158   0x00000060   Code   RO          251    .text.hal_systick_init  hal_systick.o
    0x080011b8   0x080011b8   0x0000000c   Code   RO          253    .text.hal_systick_pause  hal_systick.o
    0x080011c4   0x080011c4   0x00000010   Code   RO          255    .text.hal_systick_resume  hal_systick.o
    0x080011d4   0x080011d4   0x00000068   Code   RO            4    .text.init_ADC      init_ctboard.o
    0x0800123c   0x0800123c   0x00000020   Code   RO            2    .text.init_CT_BOARD  init_ctboard.o
    0x0800125c   0x0800125c   0x00000154   Code   RO            6    .text.init_FMC      init_ctboard.o
    0x080013b0   0x080013b0   0x00000178   Code   RO          115    .text.init_FMC_SRAM  system_ctboard.o
    0x08001528   0x08001528   0x00000002   Code   RO          113    .text.init_FPU      system_ctboard.o
    0x0800152a   0x0800152a   0x00000002   PAD
    0x0800152c   0x0800152c   0x00000058   Code   RO            8    .text.init_GPIO     init_ctboard.o
    0x08001584   0x08001584   0x0000009c   Code   RO           12    .text.init_LCD      init_ctboard.o
    0x08001620   0x08001620   0x00000024   Code   RO          117    .text.init_LCD      system_ctboard.o
    0x08001644   0x08001644   0x000000d8   Code   RO          111    .text.init_SystemClock  system_ctboard.o
    0x0800171c   0x0800171c   0x0000003c   Code   RO          173    .text.intercept_overwrite_register  hal_gpio.o
    0x08001758   0x08001758   0x000000a8   Code   RO           21    .text.main          main.o
    0x08001800   0x08001800   0x00000030   Code   RO           52    .text.schedule_is_elapsed  scheduler.o
    0x08001830   0x08001830   0x00000048   Code   RO           50    .text.scheduler_check_tasks  scheduler.o
    0x08001878   0x08001878   0x00000018   Code   RO           38    .text.scheduler_init  scheduler.o
    0x08001890   0x08001890   0x00000038   Code   RO           40    .text.scheduler_register_task  scheduler.o
    0x080018c8   0x080018c8   0x00000058   Code   RO           42    .text.scheduler_task_add  scheduler.o
    0x08001920   0x08001920   0x0000002c   Code   RO           54    .text.scheduler_task_reschedule  scheduler.o
    0x0800194c   0x0800194c   0x00000014   Code   RO          109    .text.system_enter_run  system_ctboard.o
    0x08001960   0x08001960   0x00000074   Code   RO           67    .text.test_7SEGMENT  tests.o
    0x080019d4   0x080019d4   0x00000074   Code   RO           69    .text.test_BUTTON   tests.o
    0x08001a48   0x08001a48   0x00000084   Code   RO           65    .text.test_DIPSW_LED  tests.o
    0x08001acc   0x08001acc   0x0000004c   Code   RO           79    .text.test_DIRECT_GPIO  tests.o
    0x08001b18   0x08001b18   0x00000128   Code   RO           77    .text.test_GPIO     tests.o
    0x08001c40   0x08001c40   0x00000020   Code   RO           75    .text.test_HEXSW    tests.o
    0x08001c60   0x08001c60   0x00000084   Code   RO           71    .text.test_POTI     tests.o
    0x08001ce4   0x08001ce4   0x00000094   Code   RO           73    .text.test_PWM      tests.o
    0x08001d78   0x08001d78   0x0000001c   Code   RO           10    .text.wait          init_ctboard.o
    0x08001d94   0x08001d94   0x00000098   Data   RO          161    .rodata.str1.1      hal_fmc.o
    0x08001e2c   0x08001e2c   0x00000146   Data   RO          241    .rodata.str1.1      hal_rcc.o
    0x08001f72   0x08001f72   0x00000002   PAD
    0x08001f74   0x08001f74   0x00000020   Data   RO          437    Region$$Table       anon$$obj.o


    Execution Region ER_RW (Exec base: 0x20000000, Load base: 0x08001f94, Size: 0x00000008, Max: 0xffffffff, ABSOLUTE)

    Exec Addr    Load Addr    Size         Type   Attr      Idx    E Section Name        Object

    0x20000000   0x08001f94   0x00000001   Data   RW           83    .data.test_7SEGMENT.value_hex_left  tests.o
    0x20000001   0x08001f95   0x00000001   Data   RW           84    .data.test_7SEGMENT.value_hex_right  tests.o
    0x20000002   0x08001f96   0x00000001   Data   RW           81    .data.test_DIPSW_LED.value_led_left  tests.o
    0x20000003   0x08001f97   0x00000001   Data   RW           82    .data.test_DIPSW_LED.value_led_right  tests.o
    0x20000004   0x08001f98   0x00000002   Data   RW           85    .data.test_PWM.value_pwm  tests.o


    Execution Region ER_ZI (Exec base: 0x20000008, Load base: 0x08001f9c, Size: 0x000020d0, Max: 0xffffffff, ABSOLUTE)

    Exec Addr    Load Addr    Size         Type   Attr      Idx    E Section Name        Object

    0x20000008        -       0x00000018   Zero   RW           28    .bss.task_7SEGMENT  main.o
    0x20000020        -       0x00000018   Zero   RW           23    .bss.task_BUTTON    main.o
    0x20000038        -       0x00000018   Zero   RW           27    .bss.task_DIPSW_LED  main.o
    0x20000050        -       0x00000018   Zero   RW           30    .bss.task_DIRECT_GPIO  main.o
    0x20000068        -       0x00000018   Zero   RW           24    .bss.task_GPIO      main.o
    0x20000080        -       0x00000018   Zero   RW           25    .bss.task_HEXSW     main.o
    0x20000098        -       0x00000018   Zero   RW           29    .bss.task_POTI      main.o
    0x200000b0        -       0x00000018   Zero   RW           26    .bss.task_PWM       main.o
    0x200000c8        -       0x00000004   Zero   RW           57    .bss.task_temp      scheduler.o
    0x200000cc        -       0x00000001   Zero   RW           86    .bss.test_PWM.pwm_state  tests.o
    0x200000cd   0x08001f9c   0x00000003   PAD
    0x200000d0        -       0x00000004   Zero   RW           56    .bss.tick_count     scheduler.o
    0x200000d4   0x08001f9c   0x00000004   PAD
    0x200000d8        -       0x00002000   Zero   RW           99    STACK               startup_ctboard.o


==============================================================================

Image component sizes


      Code (inc. data)   RO Data    RW Data    ZI Data      Debug   Object Name

        40         16          0          0          0        460   datainit_ctboard.o
        20          0          0          0          0       4464   hal_adc.o
       712         52        152          0          0       3439   hal_fmc.o
       800         12          0          0          0       8757   hal_gpio.o
        14          0          0          0          0       2070   hal_pwr.o
      1572        404        326          0          0       5235   hal_rcc.o
       124         20          0          0          0       1765   hal_systick.o
       748         92          0          0          0       5771   init_ctboard.o
       168         64          0          0        192       1004   main.o
       352         16          0          0          8       2616   scheduler.o
        36          8        428          0       8192        804   startup_ctboard.o
       674         60          0          0          0       7078   system_ctboard.o
      1048        208          0          6          1       3225   tests.o

    ----------------------------------------------------------------------
      6312        952        940          8       8400      46688   Object Totals
         0          0         32          0          0          0   (incl. Generated)
         4          0          2          2          7          0   (incl. Padding)

    ----------------------------------------------------------------------

      Code (inc. data)   RO Data    RW Data    ZI Data      Debug   Library Member Name

         0          0          0          0          0          0   __rtentry.o
        12          0          0          0          0          0   __rtentry2.o
         6          0          0          0          0          0   __rtentry4.o
        60          8          0          0          0         68   __scatter.o
        26          0          0          0          0          0   __scatter_copy.o
        28          0          0          0          0          0   __scatter_zi.o
        20          0          0          0          0         68   abort.o
       364          4          0          0          0         92   aeabi_sdiv.o
       124         42          0          0          0         68   assert.o
        20          0          0          0          0         68   assert_puts.o
        48         34          0          0          0         68   defsig_abrt_inner.o
        12          0          0          0          0         68   defsig_abrt_outer.o
        12          0          0          0          0         68   defsig_exit.o
        52          0          0          0          0         72   defsig_general.o
        16          0          0          0          0         68   exit.o
         2          0          0          0          0          0   libinit.o
         2          0          0          0          0          0   libinit2.o
         2          0          0          0          0          0   libshutdown.o
         2          0          0          0          0          0   libshutdown2.o
         2          0          0          0          0          0   rtexit.o
        10          0          0          0          0          0   rtexit2.o
         2          0          0          0          0         68   use_no_semi.o
         2          0          0          0          0         68   use_no_semi_2.o

    ----------------------------------------------------------------------
       832         88          0          0          0        844   Library Totals
         8          0          0          0          0          0   (incl. Padding)

    ----------------------------------------------------------------------

      Code (inc. data)   RO Data    RW Data    ZI Data      Debug   Library Name

       824         88          0          0          0        844   c_p.l

    ----------------------------------------------------------------------
       832         88          0          0          0        844   Library Totals

    ----------------------------------------------------------------------

==============================================================================


      Code (inc. data)   RO Data    RW Data    ZI Data      Debug   

      7144       1040        940          8       8400      46900   Grand Totals
      7144       1040        940          8       8400      46900   ELF Image Totals
      7144       1040        940          8          0          0   ROM Totals

==============================================================================

    Total RO  Size (Code + RO Data)                 8084 (   7.89kB)
    Total RW  Size (RW Data + ZI Data)              8408 (   8.21kB)
    Total ROM Size (Code + RO Data + RW Data)       8092 (   7.90kB)

==============================================================================

